Component: ARM Compiler 5.06 update 5 (build 528) Tool: armlink [4d35e2]

==============================================================================

Section Cross References

    stm32f1xx_hal_gpio.o(i.HAL_GPIO_EXTI_IRQHandler) refers to stm32f1xx_hal_gpio.o(i.HAL_GPIO_EXTI_Callback) for HAL_GPIO_EXTI_Callback
    stm32f1xx_hal_pcd.o(i.HAL_PCD_ActivateRemoteWakeup) refers to stm32f1xx_ll_usb.o(i.USB_ActivateRemoteWakeup) for USB_ActivateRemoteWakeup
    stm32f1xx_hal_pcd.o(i.HAL_PCD_DeActivateRemoteWakeup) refers to stm32f1xx_ll_usb.o(i.USB_DeActivateRemoteWakeup) for USB_DeActivateRemoteWakeup
    stm32f1xx_hal_pcd.o(i.HAL_PCD_DeInit) refers to stm32f1xx_hal_pcd.o(i.HAL_PCD_Stop) for HAL_PCD_Stop
    stm32f1xx_hal_pcd.o(i.HAL_PCD_DeInit) refers to usbd_conf.o(i.HAL_PCD_MspDeInit) for HAL_PCD_MspDeInit
    stm32f1xx_hal_pcd.o(i.HAL_PCD_DevConnect) refers to usbd_conf.o(i.HAL_PCDEx_SetConnectionState) for HAL_PCDEx_SetConnectionState
    stm32f1xx_hal_pcd.o(i.HAL_PCD_DevConnect) refers to stm32f1xx_ll_usb.o(i.USB_DevConnect) for USB_DevConnect
    stm32f1xx_hal_pcd.o(i.HAL_PCD_DevDisconnect) refers to usbd_conf.o(i.HAL_PCDEx_SetConnectionState) for HAL_PCDEx_SetConnectionState
    stm32f1xx_hal_pcd.o(i.HAL_PCD_DevDisconnect) refers to stm32f1xx_ll_usb.o(i.USB_DevDisconnect) for USB_DevDisconnect
    stm32f1xx_hal_pcd.o(i.HAL_PCD_EP_Close) refers to stm32f1xx_ll_usb.o(i.USB_DeactivateEndpoint) for USB_DeactivateEndpoint
    stm32f1xx_hal_pcd.o(i.HAL_PCD_EP_ClrStall) refers to stm32f1xx_ll_usb.o(i.USB_EPClearStall) for USB_EPClearStall
    stm32f1xx_hal_pcd.o(i.HAL_PCD_EP_Flush) refers to stm32f1xx_ll_usb.o(i.USB_FlushTxFifo) for USB_FlushTxFifo
    stm32f1xx_hal_pcd.o(i.HAL_PCD_EP_Flush) refers to stm32f1xx_ll_usb.o(i.USB_FlushRxFifo) for USB_FlushRxFifo
    stm32f1xx_hal_pcd.o(i.HAL_PCD_EP_Open) refers to stm32f1xx_ll_usb.o(i.USB_ActivateEndpoint) for USB_ActivateEndpoint
    stm32f1xx_hal_pcd.o(i.HAL_PCD_EP_Receive) refers to stm32f1xx_ll_usb.o(i.USB_EPStartXfer) for USB_EPStartXfer
    stm32f1xx_hal_pcd.o(i.HAL_PCD_EP_SetStall) refers to stm32f1xx_ll_usb.o(i.USB_EPSetStall) for USB_EPSetStall
    stm32f1xx_hal_pcd.o(i.HAL_PCD_EP_SetStall) refers to stm32f1xx_ll_usb.o(i.USB_EP0_OutStart) for USB_EP0_OutStart
    stm32f1xx_hal_pcd.o(i.HAL_PCD_EP_Transmit) refers to stm32f1xx_ll_usb.o(i.USB_EPStartXfer) for USB_EPStartXfer
    stm32f1xx_hal_pcd.o(i.HAL_PCD_IRQHandler) refers to stm32f1xx_ll_usb.o(i.USB_ReadInterrupts) for USB_ReadInterrupts
    stm32f1xx_hal_pcd.o(i.HAL_PCD_IRQHandler) refers to stm32f1xx_hal_pcd.o(i.PCD_EP_ISR_Handler) for PCD_EP_ISR_Handler
    stm32f1xx_hal_pcd.o(i.HAL_PCD_IRQHandler) refers to usbd_conf.o(i.HAL_PCD_ResetCallback) for HAL_PCD_ResetCallback
    stm32f1xx_hal_pcd.o(i.HAL_PCD_IRQHandler) refers to stm32f1xx_hal_pcd.o(i.HAL_PCD_SetAddress) for HAL_PCD_SetAddress
    stm32f1xx_hal_pcd.o(i.HAL_PCD_IRQHandler) refers to usbd_conf.o(i.HAL_PCD_ResumeCallback) for HAL_PCD_ResumeCallback
    stm32f1xx_hal_pcd.o(i.HAL_PCD_IRQHandler) refers to usbd_conf.o(i.HAL_PCD_SuspendCallback) for HAL_PCD_SuspendCallback
    stm32f1xx_hal_pcd.o(i.HAL_PCD_IRQHandler) refers to usbd_conf.o(i.HAL_PCD_SOFCallback) for HAL_PCD_SOFCallback
    stm32f1xx_hal_pcd.o(i.HAL_PCD_Init) refers to usbd_conf.o(i.HAL_PCD_MspInit) for HAL_PCD_MspInit
    stm32f1xx_hal_pcd.o(i.HAL_PCD_Init) refers to stm32f1xx_ll_usb.o(i.USB_DisableGlobalInt) for USB_DisableGlobalInt
    stm32f1xx_hal_pcd.o(i.HAL_PCD_Init) refers to memcpya.o(.text) for __aeabi_memcpy4
    stm32f1xx_hal_pcd.o(i.HAL_PCD_Init) refers to stm32f1xx_ll_usb.o(i.USB_CoreInit) for USB_CoreInit
    stm32f1xx_hal_pcd.o(i.HAL_PCD_Init) refers to stm32f1xx_ll_usb.o(i.USB_SetCurrentMode) for USB_SetCurrentMode
    stm32f1xx_hal_pcd.o(i.HAL_PCD_Init) refers to stm32f1xx_ll_usb.o(i.USB_DevInit) for USB_DevInit
    stm32f1xx_hal_pcd.o(i.HAL_PCD_Init) refers to stm32f1xx_ll_usb.o(i.USB_DevDisconnect) for USB_DevDisconnect
    stm32f1xx_hal_pcd.o(i.HAL_PCD_SetAddress) refers to stm32f1xx_ll_usb.o(i.USB_SetDevAddress) for USB_SetDevAddress
    stm32f1xx_hal_pcd.o(i.HAL_PCD_Start) refers to usbd_conf.o(i.HAL_PCDEx_SetConnectionState) for HAL_PCDEx_SetConnectionState
    stm32f1xx_hal_pcd.o(i.HAL_PCD_Start) refers to stm32f1xx_ll_usb.o(i.USB_DevConnect) for USB_DevConnect
    stm32f1xx_hal_pcd.o(i.HAL_PCD_Start) refers to stm32f1xx_ll_usb.o(i.USB_EnableGlobalInt) for USB_EnableGlobalInt
    stm32f1xx_hal_pcd.o(i.HAL_PCD_Stop) refers to stm32f1xx_ll_usb.o(i.USB_DisableGlobalInt) for USB_DisableGlobalInt
    stm32f1xx_hal_pcd.o(i.HAL_PCD_Stop) refers to stm32f1xx_ll_usb.o(i.USB_StopDevice) for USB_StopDevice
    stm32f1xx_hal_pcd.o(i.HAL_PCD_Stop) refers to stm32f1xx_ll_usb.o(i.USB_DevDisconnect) for USB_DevDisconnect
    stm32f1xx_hal_pcd.o(i.PCD_EP_ISR_Handler) refers to usbd_conf.o(i.HAL_PCD_DataInStageCallback) for HAL_PCD_DataInStageCallback
    stm32f1xx_hal_pcd.o(i.PCD_EP_ISR_Handler) refers to stm32f1xx_ll_usb.o(i.USB_ReadPMA) for USB_ReadPMA
[...]
    Removing control.o(.rev16_text), (4 bytes).
    Removing control.o(.revsh_text), (4 bytes).
    Removing control.o(.rrx_text), (6 bytes).
    Removing run_eff.o(.rev16_text), (4 bytes).
    Removing run_eff.o(.revsh_text), (4 bytes).
    Removing run_eff.o(.rrx_text), (6 bytes).
    Removing i2c_soft.o(.rev16_text), (4 bytes).
    Removing i2c_soft.o(.revsh_text), (4 bytes).
    Removing i2c_soft.o(.rrx_text), (6 bytes).
    Removing i2c_soft.o(i.I2CSOFT_Init), (68 bytes).
    Removing i2c_soft.o(i.I2CSOFT_ReadData), (160 bytes).
    Removing i2c_soft.o(i.I2CSOFT_Start), (88 bytes).
    Removing i2c_soft.o(i.I2CSOFT_Stop), (88 bytes).
    Removing i2c_soft.o(i.I2CSOFT_WriteData), (172 bytes).
    Removing eeprom24c.o(.rev16_text), (4 bytes).
    Removing eeprom24c.o(.revsh_text), (4 bytes).
    Removing eeprom24c.o(.rrx_text), (6 bytes).
    Removing eeprom24c.o(i.current_read_byte), (24 bytes).
    Removing eeprom24c.o(i.ee24c_write_add), (20 bytes).
    Removing eeprom24c.o(i.ee24c_write_byte), (36 bytes).
    Removing queue.o(.rev16_text), (4 bytes).
    Removing queue.o(.revsh_text), (4 bytes).
    Removing queue.o(.rrx_text), (6 bytes).
    Removing queue.o(i.queue_init), (16 bytes).
    Removing usbd_ctlreq.o(.rev16_text), (4 bytes).
    Removing usbd_ctlreq.o(.revsh_text), (4 bytes).
    Removing usbd_ctlreq.o(.rrx_text), (6 bytes).
    Removing usbd_core.o(.rev16_text), (4 bytes).
    Removing usbd_core.o(.revsh_text), (4 bytes).
    Removing usbd_core.o(.rrx_text), (6 bytes).
    Removing usbd_core.o(i.USBD_DeInit), (38 bytes).
    Removing usbd_core.o(i.USBD_LL_DevConnected), (4 bytes).
    Removing usbd_core.o(i.USBD_LL_DevDisconnected), (22 bytes).
    Removing usbd_core.o(i.USBD_LL_IsoINIncomplete), (4 bytes).
    Removing usbd_core.o(i.USBD_LL_IsoOUTIncomplete), (4 bytes).
    Removing usbd_core.o(i.USBD_RunTestMode), (4 bytes).
    Removing usbd_core.o(i.USBD_Stop), (26 bytes).
    Removing usbd_cdc.o(.rev16_text), (4 bytes).
    Removing usbd_cdc.o(.revsh_text), (4 bytes).
    Removing usbd_cdc.o(.rrx_text), (6 bytes).
    Removing usbd_cdc.o(i.USBD_CDC_TransmitPacket), (48 bytes).
    Removing usbd_ioreq.o(.rev16_text), (4 bytes).
    Removing usbd_ioreq.o(.revsh_text), (4 bytes).
    Removing usbd_ioreq.o(.rrx_text), (6 bytes).
    Removing usbd_ioreq.o(i.USBD_GetRxCount), (10 bytes).
    Removing startup_stm32f103xb.o(HEAP), (512 bytes).
    Removing usbd_conf.o(.rev16_text), (4 bytes).
    Removing usbd_conf.o(.revsh_text), (4 bytes).
    Removing usbd_conf.o(.rrx_text), (6 bytes).
    Removing usbd_conf.o(i.HAL_PCD_ConnectCallback), (8 bytes).
    Removing usbd_conf.o(i.HAL_PCD_DisconnectCallback), (8 bytes).
    Removing usbd_conf.o(i.HAL_PCD_ISOINIncompleteCallback), (8 bytes).
    Removing usbd_conf.o(i.HAL_PCD_ISOOUTIncompleteCallback), (8 bytes).
    Removing usbd_conf.o(i.HAL_PCD_MspDeInit), (36 bytes).
    Removing usbd_conf.o(i.USBD_LL_DeInit), (32 bytes).
    Removing usbd_conf.o(i.USBD_LL_Delay), (4 bytes).
    Removing usbd_conf.o(i.USBD_LL_FlushEP), (32 bytes).
    Removing usbd_conf.o(i.USBD_LL_Stop), (32 bytes).
    Removing usbd_desc.o(.rev16_text), (4 bytes).
    Removing usbd_desc.o(.revsh_text), (4 bytes).
    Removing usbd_desc.o(.rrx_text), (6 bytes).
    Removing usb_device.o(.rev16_text), (4 bytes).
    Removing usb_device.o(.revsh_text), (4 bytes).
    Removing usb_device.o(.rrx_text), (6 bytes).
    Removing usbd_cdc_if.o(.rev16_text), (4 bytes).
    Removing usbd_cdc_if.o(.revsh_text), (4 bytes).
    Removing usbd_cdc_if.o(.rrx_text), (6 bytes).
    Removing usbd_cdc_if.o(i.CDC_Transmit_FS), (44 bytes).
    Removing stm32f1xx_hal_msp.o(.rev16_text), (4 bytes).
    Removing stm32f1xx_hal_msp.o(.revsh_text), (4 bytes).
    Removing stm32f1xx_hal_msp.o(.rrx_text), (6 bytes).
    Removing main.o(.rev16_text), (4 bytes).
    Removing main.o(.revsh_text), (4 bytes).
    Removing main.o(.rrx_text), (6 bytes).
    Removing main.o(.bss), (5000 bytes).
    Removing main.o(.bss), (16 bytes).
    Removing main.o(.data), (1 bytes).
    Removing main.o(.data), (2 bytes).
    Removing main.o(.data), (2 bytes).
    Removing main.o(.data), (1 bytes).
    Removing stm32f1xx_it.o(.rev16_text), (4 bytes).
    Removing stm32f1xx_it.o(.revsh_text), (4 bytes).
    Removing stm32f1xx_it.o(.rrx_text), (6 bytes).
    Removing system_stm32f1xx.o(.rev16_text), (4 bytes).
    Removing system_stm32f1xx.o(.revsh_text), (4 bytes).
    Removing system_stm32f1xx.o(.rrx_text), (6 bytes).
    Removing system_stm32f1xx.o(i.SystemCoreClockUpdate), (104 bytes).
    Removing system_stm32f1xx.o(.constdata), (8 bytes).

272 unused section(s) (total 13236 bytes) removed from the image.

==============================================================================

Image Symbol Table

    Local Symbols

    Symbol Name                              Value     Ov Type        Size  Object(Section)

    ../Drivers/STM32F1xx_HAL_Driver/Src/stm32f1xx_hal.c 0x00000000   Number         0  stm32f1xx_hal.o ABSOLUTE
    ../Drivers/STM32F1xx_HAL_Driver/Src/stm32f1xx_hal_cortex.c 0x00000000   Number         0  stm32f1xx_hal_cortex.o ABSOLUTE
    ../Drivers/STM32F1xx_HAL_Driver/Src/stm32f1xx_hal_dma.c 0x00000000   Number         0  stm32f1xx_hal_dma.o ABSOLUTE
    ../Drivers/STM32F1xx_HAL_Driver/Src/stm32f1xx_hal_flash.c 0x00000000   Number         0  stm32f1xx_hal_flash.o ABSOLUTE
    ../Drivers/STM32F1xx_HAL_Driver/Src/stm32f1xx_hal_flash_ex.c 0x00000000   Number         0  stm32f1xx_hal_flash_ex.o ABSOLUTE
    ../Drivers/STM32F1xx_HAL_Driver/Src/stm32f1xx_hal_gpio.c 0x00000000   Number         0  stm32f1xx_hal_gpio.o ABSOLUTE
    ../Drivers/STM32F1xx_HAL_Driver/Src/stm32f1xx_hal_gpio_ex.c 0x00000000   Number         0  stm32f1xx_hal_gpio_ex.o ABSOLUTE
    ../Drivers/STM32F1xx_HAL_Driver/Src/stm32f1xx_hal_pcd.c 0x00000000   Number         0  stm32f1xx_hal_pcd.o ABSOLUTE
    ../Drivers/STM32F1xx_HAL_Driver/Src/stm32f1xx_hal_pcd_ex.c 0x00000000   Number         0  stm32f1xx_hal_pcd_ex.o ABSOLUTE
    ../Drivers/STM32F1xx_HAL_Driver/Src/stm32f1xx_hal_pwr.c 0x00000000   Number         0  stm32f1xx_hal_pwr.o ABSOLUTE
    ../Drivers/STM32F1xx_HAL_Driver/Src/stm32f1xx_hal_rcc.c 0x00000000   Number         0  stm32f1xx_hal_rcc.o ABSOLUTE
    ../Drivers/STM32F1xx_HAL_Driver/Src/stm32f1xx_hal_rcc_ex.c 0x00000000   Number         0  stm32f1xx_hal_rcc_ex.o ABSOLUTE
    ../Drivers/STM32F1xx_HAL_Driver/Src/stm32f1xx_hal_tim.c 0x00000000   Number         0  stm32f1xx_hal_tim.o ABSOLUTE
    ../Drivers/STM32F1xx_HAL_Driver/Src/stm32f1xx_hal_tim_ex.c 0x00000000   Number         0  stm32f1xx_hal_tim_ex.o ABSOLUTE
    ../Drivers/STM32F1xx_HAL_Driver/Src/stm32f1xx_ll_usb.c 0x00000000   Number         0  stm32f1xx_ll_usb.o ABSOLUTE
    ../Middlewares/ST/STM32_USB_Device_Library/Class/CDC/Src/usbd_cdc.c 0x00000000   Number         0  usbd_cdc.o ABSOLUTE
    ../Middlewares/ST/STM32_USB_Device_Library/Core/Src/usbd_core.c 0x00000000   Number         0  usbd_core.o ABSOLUTE
    ../Middlewares/ST/STM32_USB_Device_Library/Core/Src/usbd_ctlreq.c 0x00000000   Number         0  usbd_ctlreq.o ABSOLUTE
    ../Middlewares/ST/STM32_USB_Device_Library/Core/Src/usbd_ioreq.c 0x00000000   Number         0  usbd_ioreq.o ABSOLUTE
    ../Src/main.c                            0x00000000   Number         0  main.o ABSOLUTE
    ../Src/stm32f1xx_hal_msp.c               0x00000000   Number         0  stm32f1xx_hal_msp.o ABSOLUTE
    ../Src/stm32f1xx_it.c                    0x00000000   Number         0  stm32f1xx_it.o ABSOLUTE
    ../Src/system_stm32f1xx.c                0x00000000   Number         0  system_stm32f1xx.o ABSOLUTE
    ../Src/usb_device.c                      0x00000000   Number         0  usb_device.o ABSOLUTE
    ../Src/usbd_cdc_if.c                     0x00000000   Number         0  usbd_cdc_if.o ABSOLUTE
    ../Src/usbd_conf.c                       0x00000000   Number         0  usbd_conf.o ABSOLUTE
    ../Src/usbd_desc.c                       0x00000000   Number         0  usbd_desc.o ABSOLUTE
    ../clib/../cmprslib/zerorunl2.c          0x00000000   Number         0  __dczerorl2.o ABSOLUTE
    ../clib/microlib/init/entry.s            0x00000000   Number         0  entry5.o ABSOLUTE
    ../clib/microlib/init/entry.s            0x00000000   Number         0  entry10a.o ABSOLUTE
    ../clib/microlib/init/entry.s            0x00000000   Number         0  entry9a.o ABSOLUTE
    ../clib/microlib/init/entry.s            0x00000000   Number         0  entry2.o ABSOLUTE
    ../clib/microlib/init/entry.s            0x00000000   Number         0  entry7b.o ABSOLUTE
    ../clib/microlib/init/entry.s            0x00000000   Number         0  entry9b.o ABSOLUTE
    ../clib/microlib/init/entry.s            0x00000000   Number         0  entry8a.o ABSOLUTE
    ../clib/microlib/init/entry.s            0x00000000   Number         0  entry7a.o ABSOLUTE
    ../clib/microlib/init/entry.s            0x00000000   Number         0  entry11b.o ABSOLUTE
    ../clib/microlib/init/entry.s            0x00000000   Number         0  entry8b.o ABSOLUTE
    ../clib/microlib/init/entry.s            0x00000000   Number         0  entry11a.o ABSOLUTE
    ../clib/microlib/init/entry.s            0x00000000   Number         0  entry.o ABSOLUTE
    ../clib/microlib/init/entry.s            0x00000000   Number         0  entry10b.o ABSOLUTE
    ../clib/microlib/longlong.c              0x00000000   Number         0  llushr.o ABSOLUTE
    ../clib/microlib/string/memcpy.c         0x00000000   Number         0  memcpyb.o ABSOLUTE
    ../clib/microlib/string/memcpy.c         0x00000000   Number         0  memcpya.o ABSOLUTE
    ..\Drivers\STM32F1xx_HAL_Driver\Src\stm32f1xx_hal.c 0x00000000   Number         0  stm32f1xx_hal.o ABSOLUTE
    ..\Drivers\STM32F1xx_HAL_Driver\Src\stm32f1xx_hal_cortex.c 0x00000000   Number         0  stm32f1xx_hal_cortex.o ABSOLUTE
    ..\Drivers\STM32F1xx_HAL_Driver\Src\stm32f1xx_hal_dma.c 0x00000000   Number         0  stm32f1xx_hal_dma.o ABSOLUTE
    ..\Drivers\STM32F1xx_HAL_Driver\Src\stm32f1xx_hal_flash.c 0x00000000   Number         0  stm32f1xx_hal_flash.o ABSOLUTE
    ..\Drivers\STM32F1xx_HAL_Driver\Src\stm32f1xx_hal_flash_ex.c 0x00000000   Number         0  stm32f1xx_hal_flash_ex.o ABSOLUTE
    ..\Drivers\STM32F1xx_HAL_Driver\Src\stm32f1xx_hal_gpio.c 0x00000000   Number         0  stm32f1xx_hal_gpio.o ABSOLUTE
    ..\Drivers\STM32F1xx_HAL_Driver\Src\stm32f1xx_hal_gpio_ex.c 0x00000000   Number         0  stm32f1xx_hal_gpio_ex.o ABSOLUTE
    ..\Drivers\STM32F1xx_HAL_Driver\Src\stm32f1xx_hal_pcd.c 0x00000000   Number         0  stm32f1xx_hal_pcd.o ABSOLUTE
    ..\Drivers\STM32F1xx_HAL_Driver\Src\stm32f1xx_hal_pcd_ex.c 0x00000000   Number         0  stm32f1xx_hal_pcd_ex.o ABSOLUTE
    ..\Drivers\STM32F1xx_HAL_Driver\Src\stm32f1xx_hal_pwr.c 0x00000000   Number         0  stm32f1xx_hal_pwr.o ABSOLUTE
    ..\Drivers\STM32F1xx_HAL_Driver\Src\stm32f1xx_hal_rcc.c 0x00000000   Number         0  stm32f1xx_hal_rcc.o ABSOLUTE
    ..\Drivers\STM32F1xx_HAL_Driver\Src\stm32f1xx_hal_rcc_ex.c 0x00000000   Number         0  stm32f1xx_hal_rcc_ex.o ABSOLUTE
    ..\Drivers\STM32F1xx_HAL_Driver\Src\stm32f1xx_hal_tim.c 0x00000000   Number         0  stm32f1xx_hal_tim.o ABSOLUTE
    ..\Drivers\STM32F1xx_HAL_Driver\Src\stm32f1xx_hal_tim_ex.c 0x00000000   Number         0  stm32f1xx_hal_tim_ex.o ABSOLUTE
    ..\Drivers\STM32F1xx_HAL_Driver\Src\stm32f1xx_ll_usb.c 0x00000000   Number         0  stm32f1xx_ll_usb.o ABSOLUTE
    ..\Flash\Source\flash.c                  0x00000000   Number         0  flash.o ABSOLUTE
    ..\Middlewares\ST\STM32_USB_Device_Library\Class\CDC\Src\usbd_cdc.c 0x00000000   Number         0  usbd_cdc.o ABSOLUTE
    ..\Middlewares\ST\STM32_USB_Device_Library\Core\Src\usbd_core.c 0x00000000   Number         0  usbd_core.o ABSOLUTE
    ..\Middlewares\ST\STM32_USB_Device_Library\Core\Src\usbd_ctlreq.c 0x00000000   Number         0  usbd_ctlreq.o ABSOLUTE
    ..\Middlewares\ST\STM32_USB_Device_Library\Core\Src\usbd_ioreq.c 0x00000000   Number         0  usbd_ioreq.o ABSOLUTE
    ..\Src\main.c                            0x00000000   Number         0  main.o ABSOLUTE
    ..\Src\stm32f1xx_hal_msp.c               0x00000000   Number         0  stm32f1xx_hal_msp.o ABSOLUTE
    ..\Src\stm32f1xx_it.c                    0x00000000   Number         0  stm32f1xx_it.o ABSOLUTE
    ..\Src\system_stm32f1xx.c                0x00000000   Number         0  system_stm32f1xx.o ABSOLUTE
    ..\Src\usb_device.c                      0x00000000   Number         0  usb_device.o ABSOLUTE
    ..\Src\usbd_cdc_if.c                     0x00000000   Number         0  usbd_cdc_if.o ABSOLUTE
    ..\Src\usbd_conf.c                       0x00000000   Number         0  usbd_conf.o ABSOLUTE
    ..\Src\usbd_desc.c                       0x00000000   Number         0  usbd_desc.o ABSOLUTE
    ..\User\cd4094.c                         0x00000000   Number         0  cd4094.o ABSOLUTE
    ..\User\control.c                        0x00000000   Number         0  control.o ABSOLUTE
    ..\User\eeprom24c.c                      0x00000000   Number         0  eeprom24c.o ABSOLUTE
    ..\User\i2c_soft.c                       0x00000000   Number         0  i2c_soft.o ABSOLUTE
    ..\User\queue.c                          0x00000000   Number         0  queue.o ABSOLUTE
    ..\User\run_eff.c                        0x00000000   Number         0  run_eff.o ABSOLUTE
    ..\\Flash\\Source\\flash.c               0x00000000   Number         0  flash.o ABSOLUTE
    ..\\User\\cd4094.c                       0x00000000   Number         0  cd4094.o ABSOLUTE
    ..\\User\\control.c                      0x00000000   Number         0  control.o ABSOLUTE
    ..\\User\\eeprom24c.c                    0x00000000   Number         0  eeprom24c.o ABSOLUTE
    ..\\User\\i2c_soft.c                     0x00000000   Number         0  i2c_soft.o ABSOLUTE
    ..\\User\\queue.c                        0x00000000   Number         0  queue.o ABSOLUTE
    ..\\User\\run_eff.c                      0x00000000   Number         0  run_eff.o ABSOLUTE
    dc.s                                     0x00000000   Number         0  dc.o ABSOLUTE
    handlers.s                               0x00000000   Number         0  handlers.o ABSOLUTE
    init.s                                   0x00000000   Number         0  init.o ABSOLUTE
    startup_stm32f103xb.s                    0x00000000   Number         0  startup_stm32f103xb.o ABSOLUTE
    RESET                                    0x08000000   Section      236  startup_stm32f103xb.o(RESET)
    .ARM.Collect$$$$00000000                 0x080000ec   Section        0  entry.o(.ARM.Collect$$$$00000000)
    .ARM.Collect$$$$00000001                 0x080000ec   Section        4  entry2.o(.ARM.Collect$$$$00000001)
    .ARM.Collect$$$$00000004                 0x080000f0   Section        4  entry5.o(.ARM.Collect$$$$00000004)
    .ARM.Collect$$$$00000008                 0x080000f4   Section        0  entry7b.o(.ARM.Collect$$$$00000008)
    .ARM.Collect$$$$0000000A                 0x080000f4   Section        0  entry8b.o(.ARM.Collect$$$$0000000A)
    .ARM.Collect$$$$0000000B                 0x080000f4   Section        8  entry9a.o(.ARM.Collect$$$$0000000B)
    .ARM.Collect$$$$0000000D                 0x080000fc   Section        0  entry10a.o(.ARM.Collect$$$$0000000D)
    .ARM.Collect$$$$0000000F                 0x080000fc   Section        0  entry11a.o(.ARM.Collect$$$$0000000F)
    .ARM.Collect$$$$00002712                 0x080000fc   Section        4  entry2.o(.ARM.Collect$$$$00002712)
    __lit__00000000                          0x080000fc   Data           4  entry2.o(.ARM.Collect$$$$00002712)
    .text                                    0x08000100   Section       36  startup_stm32f103xb.o(.text)
    .text                                    0x08000124   Section        0  llushr.o(.text)
    .text                                    0x08000144   Section        0  memcpya.o(.text)
    .text                                    0x08000168   Section       36  init.o(.text)
    .text                                    0x0800018c   Section        0  __dczerorl2.o(.text)
    i.BusFault_Handler                       0x080001e2   Section        0  stm32f1xx_it.o(i.BusFault_Handler)
    i.CD4094_Clock                           0x080001e4   Section        0  cd4094.o(i.CD4094_Clock)
    i.CD4094_InByte                          0x0800020c   Section        0  cd4094.o(i.CD4094_InByte)
    i.CD4094_Latch                           0x080002b4   Section        0  cd4094.o(i.CD4094_Latch)
    i.CDC_Control_FS                         0x080002dc   Section        0  usbd_cdc_if.o(i.CDC_Control_FS)
    CDC_Control_FS                           0x080002dd   Thumb Code     4  usbd_cdc_if.o(i.CDC_Control_FS)
    i.CDC_DeInit_FS                          0x080002e0   Section        0  usbd_cdc_if.o(i.CDC_DeInit_FS)
    CDC_DeInit_FS                            0x080002e1   Thumb Code     4  usbd_cdc_if.o(i.CDC_DeInit_FS)
    i.CDC_Init_FS                            0x080002e4   Section        0  usbd_cdc_if.o(i.CDC_Init_FS)
    CDC_Init_FS                              0x080002e5   Thumb Code    24  usbd_cdc_if.o(i.CDC_Init_FS)
    i.CDC_Receive_FS                         0x08000308   Section        0  usbd_cdc_if.o(i.CDC_Receive_FS)
    CDC_Receive_FS                           0x08000309   Thumb Code    50  usbd_cdc_if.o(i.CDC_Receive_FS)
    i.Ctrl_Check_Input                       0x08000344   Section        0  control.o(i.Ctrl_Check_Input)
    i.Ctrl_Read_Header                       0x0800037c   Section        0  control.o(i.Ctrl_Read_Header)
    i.Ctrl_Run_Effect                        0x08000390   Section        0  control.o(i.Ctrl_Run_Effect)
    i.Ctrl_Show                              0x0800043c   Section        0  control.o(i.Ctrl_Show)
    i.Ctrl_Write_Data                        0x08000480   Section        0  control.o(i.Ctrl_Write_Data)
    i.DebugMon_Handler                       0x08000524   Section        0  stm32f1xx_it.o(i.DebugMon_Handler)
    i.FLASH_Erase_Multi_Sector               0x08000528   Section        0  flash.o(i.FLASH_Erase_Multi_Sector)
    i.FLASH_Erase_Sector                     0x08000548   Section        0  flash.o(i.FLASH_Erase_Sector)
    i.FLASH_Program_HalfWord                 0x08000570   Section        0  stm32f1xx_hal_flash.o(i.FLASH_Program_HalfWord)
    FLASH_Program_HalfWord                   0x08000571   Thumb Code    20  stm32f1xx_hal_flash.o(i.FLASH_Program_HalfWord)
    i.FLASH_SetErrorCode                     0x0800058c   Section        0  stm32f1xx_hal_flash.o(i.FLASH_SetErrorCode)
    FLASH_SetErrorCode                       0x0800058d   Thumb Code    84  stm32f1xx_hal_flash.o(i.FLASH_SetErrorCode)
    i.FLASH_WaitForLastOperation             0x080005e8   Section        0  stm32f1xx_hal_flash.o(i.FLASH_WaitForLastOperation)
    i.FLASH_Write_HalfWord                   0x0800063c   Section        0  flash.o(i.FLASH_Write_HalfWord)
    i.HAL_Delay                              0x08000660   Section        0  stm32f1xx_hal.o(i.HAL_Delay)
    i.HAL_FLASH_Lock                         0x08000684   Section        0  stm32f1xx_hal_flash.o(i.HAL_FLASH_Lock)
    i.HAL_FLASH_Program                      0x08000698   Section        0  stm32f1xx_hal_flash.o(i.HAL_FLASH_Program)
    i.HAL_FLASH_Unlock                       0x08000718   Section        0  stm32f1xx_hal_flash.o(i.HAL_FLASH_Unlock)
    i.HAL_GPIO_Init                          0x08000740   Section        0  stm32f1xx_hal_gpio.o(i.HAL_GPIO_Init)
    i.HAL_GPIO_ReadPin                       0x080008fc   Section        0  stm32f1xx_hal_gpio.o(i.HAL_GPIO_ReadPin)
    i.HAL_GPIO_TogglePin                     0x08000906   Section        0  stm32f1xx_hal_gpio.o(i.HAL_GPIO_TogglePin)
    i.HAL_GPIO_WritePin                      0x0800090e   Section        0  stm32f1xx_hal_gpio.o(i.HAL_GPIO_WritePin)
    i.HAL_GetTick                            0x08000918   Section        0  stm32f1xx_hal.o(i.HAL_GetTick)
    i.HAL_IncTick                            0x08000924   Section        0  stm32f1xx_hal.o(i.HAL_IncTick)
    i.HAL_Init                               0x08000934   Section        0  stm32f1xx_hal.o(i.HAL_Init)
    i.HAL_InitTick                           0x08000958   Section        0  stm32f1xx_hal.o(i.HAL_InitTick)
    i.HAL_MspInit                            0x08000998   Section        0  stm32f1xx_hal_msp.o(i.HAL_MspInit)
    i.HAL_NVIC_EnableIRQ                     0x08000a18   Section        0  stm32f1xx_hal_cortex.o(i.HAL_NVIC_EnableIRQ)
    i.HAL_NVIC_SetPriority                   0x08000a30   Section        0  stm32f1xx_hal_cortex.o(i.HAL_NVIC_SetPriority)
    i.HAL_NVIC_SetPriorityGrouping           0x08000a70   Section        0  stm32f1xx_hal_cortex.o(i.HAL_NVIC_SetPriorityGrouping)
    i.HAL_PCDEx_PMAConfig                    0x08000a94   Section        0  stm32f1xx_hal_pcd_ex.o(i.HAL_PCDEx_PMAConfig)
    i.HAL_PCDEx_SetConnectionState           0x08000ac8   Section        0  usbd_conf.o(i.HAL_PCDEx_SetConnectionState)
    i.HAL_PCD_DataInStageCallback            0x08000aca   Section        0  usbd_conf.o(i.HAL_PCD_DataInStageCallback)
    i.HAL_PCD_DataOutStageCallback           0x08000ad8   Section        0  usbd_conf.o(i.HAL_PCD_DataOutStageCallback)
    i.HAL_PCD_EP_Close                       0x08000ae8   Section        0  stm32f1xx_hal_pcd.o(i.HAL_PCD_EP_Close)
    i.HAL_PCD_EP_ClrStall                    0x08000b28   Section        0  stm32f1xx_hal_pcd.o(i.HAL_PCD_EP_ClrStall)
    i.HAL_PCD_EP_GetRxCount                  0x08000b70   Section        0  stm32f1xx_hal_pcd.o(i.HAL_PCD_EP_GetRxCount)
    i.HAL_PCD_EP_Open                        0x08000b80   Section        0  stm32f1xx_hal_pcd.o(i.HAL_PCD_EP_Open)
    i.HAL_PCD_EP_Receive                     0x08000bc4   Section        0  stm32f1xx_hal_pcd.o(i.HAL_PCD_EP_Receive)
    i.HAL_PCD_EP_SetStall                    0x08000bf2   Section        0  stm32f1xx_hal_pcd.o(i.HAL_PCD_EP_SetStall)
    i.HAL_PCD_EP_Transmit                    0x08000c48   Section        0  stm32f1xx_hal_pcd.o(i.HAL_PCD_EP_Transmit)
    i.HAL_PCD_IRQHandler                     0x08000c72   Section        0  stm32f1xx_hal_pcd.o(i.HAL_PCD_IRQHandler)
    i.HAL_PCD_Init                           0x08000d80   Section        0  stm32f1xx_hal_pcd.o(i.HAL_PCD_Init)
    i.HAL_PCD_MspInit                        0x08000e40   Section        0  usbd_conf.o(i.HAL_PCD_MspInit)
    i.HAL_PCD_ResetCallback                  0x08000e7c   Section        0  usbd_conf.o(i.HAL_PCD_ResetCallback)
    i.HAL_PCD_ResumeCallback                 0x08000e96   Section        0  usbd_conf.o(i.HAL_PCD_ResumeCallback)
    i.HAL_PCD_SOFCallback                    0x08000e9e   Section        0  usbd_conf.o(i.HAL_PCD_SOFCallback)
    i.HAL_PCD_SetAddress                     0x08000ea6   Section        0  stm32f1xx_hal_pcd.o(i.HAL_PCD_SetAddress)
    i.HAL_PCD_SetupStageCallback             0x08000ece   Section        0  usbd_conf.o(i.HAL_PCD_SetupStageCallback)
    i.HAL_PCD_Start                          0x08000edc   Section        0  stm32f1xx_hal_pcd.o(i.HAL_PCD_Start)
    i.HAL_PCD_SuspendCallback                0x08000f10   Section        0  usbd_conf.o(i.HAL_PCD_SuspendCallback)
    i.HAL_RCCEx_PeriphCLKConfig              0x08000f34   Section        0  stm32f1xx_hal_rcc_ex.o(i.HAL_RCCEx_PeriphCLKConfig)
    i.HAL_RCC_ClockConfig                    0x08001020   Section        0  stm32f1xx_hal_rcc.o(i.HAL_RCC_ClockConfig)
    i.HAL_RCC_GetHCLKFreq                    0x08001174   Section        0  stm32f1xx_hal_rcc.o(i.HAL_RCC_GetHCLKFreq)
    i.HAL_RCC_GetSysClockFreq                0x08001180   Section        0  stm32f1xx_hal_rcc.o(i.HAL_RCC_GetSysClockFreq)
    i.HAL_RCC_OscConfig                      0x080011ec   Section        0  stm32f1xx_hal_rcc.o(i.HAL_RCC_OscConfig)
    i.HAL_SYSTICK_CLKSourceConfig            0x080014f0   Section        0  stm32f1xx_hal_cortex.o(i.HAL_SYSTICK_CLKSourceConfig)
    i.HAL_SYSTICK_Callback                   0x08001508   Section        0  stm32f1xx_hal_cortex.o(i.HAL_SYSTICK_Callback)
    i.HAL_SYSTICK_Config                     0x0800150a   Section        0  stm32f1xx_hal_cortex.o(i.HAL_SYSTICK_Config)
    i.HAL_SYSTICK_IRQHandler                 0x08001532   Section        0  stm32f1xx_hal_cortex.o(i.HAL_SYSTICK_IRQHandler)
    i.HardFault_Handler                      0x0800153a   Section        0  stm32f1xx_it.o(i.HardFault_Handler)
    i.MX_GPIO_Init                           0x0800153c   Section        0  main.o(i.MX_GPIO_Init)
    MX_GPIO_Init                             0x0800153d   Thumb Code   176  main.o(i.MX_GPIO_Init)
    i.MX_USB_DEVICE_Init                     0x080015f8   Section        0  usb_device.o(i.MX_USB_DEVICE_Init)
    i.MemManage_Handler                      0x08001630   Section        0  stm32f1xx_it.o(i.MemManage_Handler)
    i.NMI_Handler                            0x08001632   Section        0  stm32f1xx_it.o(i.NMI_Handler)
    i.NVIC_SetPriority                       0x08001634   Section        0  stm32f1xx_hal_cortex.o(i.NVIC_SetPriority)
    NVIC_SetPriority                         0x08001635   Thumb Code    32  stm32f1xx_hal_cortex.o(i.NVIC_SetPriority)
    i.PCD_EP_ISR_Handler                     0x08001654   Section        0  stm32f1xx_hal_pcd.o(i.PCD_EP_ISR_Handler)
    PCD_EP_ISR_Handler                       0x08001655   Thumb Code   866  stm32f1xx_hal_pcd.o(i.PCD_EP_ISR_Handler)
    i.PendSV_Handler                         0x080019b6   Section        0  stm32f1xx_it.o(i.PendSV_Handler)
    i.SVC_Handler                            0x080019b8   Section        0  stm32f1xx_it.o(i.SVC_Handler)
    i.Set_Address_Data_USB                   0x080019bc   Section        0  usbd_cdc_if.o(i.Set_Address_Data_USB)
    i.SysTick_Handler                        0x080019c8   Section        0  stm32f1xx_it.o(i.SysTick_Handler)
    i.SystemClock_Config                     0x080019d6   Section        0  main.o(i.SystemClock_Config)
    i.SystemInit                             0x08001a50   Section        0  system_stm32f1xx.o(i.SystemInit)
    i.USBD_CDC_DataIn                        0x08001a98   Section        0  usbd_cdc.o(i.USBD_CDC_DataIn)
    USBD_CDC_DataIn                          0x08001a99   Thumb Code    20  usbd_cdc.o(i.USBD_CDC_DataIn)
    i.USBD_CDC_DataOut                       0x08001aac   Section        0  usbd_cdc.o(i.USBD_CDC_DataOut)
    USBD_CDC_DataOut                         0x08001aad   Thumb Code    46  usbd_cdc.o(i.USBD_CDC_DataOut)
    i.USBD_CDC_DeInit                        0x08001ada   Section        0  usbd_cdc.o(i.USBD_CDC_DeInit)
    USBD_CDC_DeInit                          0x08001adb   Thumb Code    60  usbd_cdc.o(i.USBD_CDC_DeInit)
    i.USBD_CDC_EP0_RxReady                   0x08001b16   Section        0  usbd_cdc.o(i.USBD_CDC_EP0_RxReady)
    USBD_CDC_EP0_RxReady                     0x08001b17   Thumb Code    36  usbd_cdc.o(i.USBD_CDC_EP0_RxReady)
    i.USBD_CDC_GetDeviceQualifierDescriptor  0x08001b3c   Section        0  usbd_cdc.o(i.USBD_CDC_GetDeviceQualifierDescriptor)
    i.USBD_CDC_GetFSCfgDesc                  0x08001b48   Section        0  usbd_cdc.o(i.USBD_CDC_GetFSCfgDesc)
    USBD_CDC_GetFSCfgDesc                    0x08001b49   Thumb Code     8  usbd_cdc.o(i.USBD_CDC_GetFSCfgDesc)
    i.USBD_CDC_GetHSCfgDesc                  0x08001b54   Section        0  usbd_cdc.o(i.USBD_CDC_GetHSCfgDesc)
    USBD_CDC_GetHSCfgDesc                    0x08001b55   Thumb Code     8  usbd_cdc.o(i.USBD_CDC_GetHSCfgDesc)
    i.USBD_CDC_GetOtherSpeedCfgDesc          0x08001b60   Section        0  usbd_cdc.o(i.USBD_CDC_GetOtherSpeedCfgDesc)
    USBD_CDC_GetOtherSpeedCfgDesc            0x08001b61   Thumb Code     8  usbd_cdc.o(i.USBD_CDC_GetOtherSpeedCfgDesc)
    i.USBD_CDC_Init                          0x08001b6c   Section        0  usbd_cdc.o(i.USBD_CDC_Init)
    USBD_CDC_Init                            0x08001b6d   Thumb Code   136  usbd_cdc.o(i.USBD_CDC_Init)
    i.USBD_CDC_ReceivePacket                 0x08001bf4   Section        0  usbd_cdc.o(i.USBD_CDC_ReceivePacket)
    i.USBD_CDC_RegisterInterface             0x08001c1c   Section        0  usbd_cdc.o(i.USBD_CDC_RegisterInterface)
    i.USBD_CDC_SetRxBuffer                   0x08001c2c   Section        0  usbd_cdc.o(i.USBD_CDC_SetRxBuffer)
    i.USBD_CDC_SetTxBuffer                   0x08001c38   Section        0  usbd_cdc.o(i.USBD_CDC_SetTxBuffer)
    i.USBD_CDC_Setup                         0x08001c48   Section        0  usbd_cdc.o(i.USBD_CDC_Setup)
    USBD_CDC_Setup                           0x08001c49   Thumb Code   106  usbd_cdc.o(i.USBD_CDC_Setup)
    i.USBD_ClrClassConfig                    0x08001cb8   Section        0  usbd_core.o(i.USBD_ClrClassConfig)
    i.USBD_CtlContinueRx                     0x08001cc6   Section        0  usbd_ioreq.o(i.USBD_CtlContinueRx)
    i.USBD_CtlContinueSendData               0x08001cd6   Section        0  usbd_ioreq.o(i.USBD_CtlContinueSendData)
    i.USBD_CtlError                          0x08001ce6   Section        0  usbd_ctlreq.o(i.USBD_CtlError)
    i.USBD_CtlPrepareRx                      0x08001cfc   Section        0  usbd_ioreq.o(i.USBD_CtlPrepareRx)
    i.USBD_CtlReceiveStatus                  0x08001d1a   Section        0  usbd_ioreq.o(i.USBD_CtlReceiveStatus)
    i.USBD_CtlSendData                       0x08001d30   Section        0  usbd_ioreq.o(i.USBD_CtlSendData)
    i.USBD_CtlSendStatus                     0x08001d4a   Section        0  usbd_ioreq.o(i.USBD_CtlSendStatus)
    i.USBD_FS_ConfigStrDescriptor            0x08001d60   Section        0  usbd_desc.o(i.USBD_FS_ConfigStrDescriptor)
    i.USBD_FS_DeviceDescriptor               0x08001d80   Section        0  usbd_desc.o(i.USBD_FS_DeviceDescriptor)
    i.USBD_FS_InterfaceStrDescriptor         0x08001d8c   Section        0  usbd_desc.o(i.USBD_FS_InterfaceStrDescriptor)
    i.USBD_FS_LangIDStrDescriptor            0x08001db0   Section        0  usbd_desc.o(i.USBD_FS_LangIDStrDescriptor)
    i.USBD_FS_ManufacturerStrDescriptor      0x08001dbc   Section        0  usbd_desc.o(i.USBD_FS_ManufacturerStrDescriptor)
    i.USBD_FS_ProductStrDescriptor           0x08001de4   Section        0  usbd_desc.o(i.USBD_FS_ProductStrDescriptor)
    i.USBD_FS_SerialStrDescriptor            0x08001e10   Section        0  usbd_desc.o(i.USBD_FS_SerialStrDescriptor)
    i.USBD_GetDescriptor                     0x08001e34   Section        0  usbd_ctlreq.o(i.USBD_GetDescriptor)
    USBD_GetDescriptor                       0x08001e35   Thumb Code   224  usbd_ctlreq.o(i.USBD_GetDescriptor)
    i.USBD_GetString                         0x08001f14   Section        0  usbd_ctlreq.o(i.USBD_GetString)
    i.USBD_Init                              0x08001f5a   Section        0  usbd_core.o(i.USBD_Init)
    i.USBD_LL_ClearStallEP                   0x08001f84   Section        0  usbd_conf.o(i.USBD_LL_ClearStallEP)
    i.USBD_LL_CloseEP                        0x08001fa4   Section        0  usbd_conf.o(i.USBD_LL_CloseEP)
    i.USBD_LL_DataInStage                    0x08001fc4   Section        0  usbd_core.o(i.USBD_LL_DataInStage)
    i.USBD_LL_DataOutStage                   0x0800206e   Section        0  usbd_core.o(i.USBD_LL_DataOutStage)
    i.USBD_LL_GetRxDataSize                  0x080020d8   Section        0  usbd_conf.o(i.USBD_LL_GetRxDataSize)
    i.USBD_LL_Init                           0x080020e0   Section        0  usbd_conf.o(i.USBD_LL_Init)
    i.USBD_LL_IsStallEP                      0x08002180   Section        0  usbd_conf.o(i.USBD_LL_IsStallEP)
    i.USBD_LL_OpenEP                         0x0800219c   Section        0  usbd_conf.o(i.USBD_LL_OpenEP)
    i.USBD_LL_PrepareReceive                 0x080021c2   Section        0  usbd_conf.o(i.USBD_LL_PrepareReceive)
    i.USBD_LL_Reset                          0x080021e2   Section        0  usbd_core.o(i.USBD_LL_Reset)
    i.USBD_LL_Resume                         0x08002220   Section        0  usbd_core.o(i.USBD_LL_Resume)
    i.USBD_LL_SOF                            0x0800222c   Section        0  usbd_core.o(i.USBD_LL_SOF)
    i.USBD_LL_SetSpeed                       0x08002244   Section        0  usbd_core.o(i.USBD_LL_SetSpeed)
    i.USBD_LL_SetUSBAddress                  0x0800224a   Section        0  usbd_conf.o(i.USBD_LL_SetUSBAddress)
    i.USBD_LL_SetupStage                     0x0800226a   Section        0  usbd_core.o(i.USBD_LL_SetupStage)
    i.USBD_LL_StallEP                        0x080022c4   Section        0  usbd_conf.o(i.USBD_LL_StallEP)
    i.USBD_LL_Start                          0x080022e4   Section        0  usbd_conf.o(i.USBD_LL_Start)
    i.USBD_LL_Suspend                        0x08002304   Section        0  usbd_core.o(i.USBD_LL_Suspend)
    i.USBD_LL_Transmit                       0x08002316   Section        0  usbd_conf.o(i.USBD_LL_Transmit)
    i.USBD_ParseSetupRequest                 0x08002336   Section        0  usbd_ctlreq.o(i.USBD_ParseSetupRequest)
    i.USBD_RegisterClass                     0x0800235e   Section        0  usbd_core.o(i.USBD_RegisterClass)
    i.USBD_SetClassConfig                    0x0800236e   Section        0  usbd_core.o(i.USBD_SetClassConfig)
    i.USBD_SetConfig                         0x08002384   Section        0  usbd_ctlreq.o(i.USBD_SetConfig)
    USBD_SetConfig                           0x08002385   Thumb Code   110  usbd_ctlreq.o(i.USBD_SetConfig)
    i.USBD_Start                             0x080023f8   Section        0  usbd_core.o(i.USBD_Start)
    i.USBD_StdDevReq                         0x08002402   Section        0  usbd_ctlreq.o(i.USBD_StdDevReq)
    i.USBD_StdEPReq                          0x080024f4   Section        0  usbd_ctlreq.o(i.USBD_StdEPReq)
    i.USBD_StdItfReq                         0x080025d0   Section        0  usbd_ctlreq.o(i.USBD_StdItfReq)
    i.USBD_static_free                       0x08002604   Section        0  usbd_conf.o(i.USBD_static_free)
    i.USBD_static_malloc                     0x08002608   Section        0  usbd_conf.o(i.USBD_static_malloc)
    i.USB_ActivateEndpoint                   0x08002610   Section        0  stm32f1xx_ll_usb.o(i.USB_ActivateEndpoint)
    i.USB_CoreInit                           0x0800286c   Section        0  stm32f1xx_ll_usb.o(i.USB_CoreInit)
    i.USB_DeactivateEndpoint                 0x08002870   Section        0  stm32f1xx_ll_usb.o(i.USB_DeactivateEndpoint)
    i.USB_DevConnect                         0x08002994   Section        0  stm32f1xx_ll_usb.o(i.USB_DevConnect)
    i.USB_DevDisconnect                      0x08002998   Section        0  stm32f1xx_ll_usb.o(i.USB_DevDisconnect)
    i.USB_DevInit                            0x0800299c   Section        0  stm32f1xx_ll_usb.o(i.USB_DevInit)
    i.USB_DisableGlobalInt                   0x080029ba   Section        0  stm32f1xx_ll_usb.o(i.USB_DisableGlobalInt)
    i.USB_EP0_OutStart                       0x080029c8   Section        0  stm32f1xx_ll_usb.o(i.USB_EP0_OutStart)
    i.USB_EPClearStall                       0x080029cc   Section        0  stm32f1xx_ll_usb.o(i.USB_EPClearStall)
    i.USB_EPSetStall                         0x08002a36   Section        0  stm32f1xx_ll_usb.o(i.USB_EPSetStall)
    i.USB_EPStartXfer                        0x08002a80   Section        0  stm32f1xx_ll_usb.o(i.USB_EPStartXfer)
    i.USB_EnableGlobalInt                    0x08002c2a   Section        0  stm32f1xx_ll_usb.o(i.USB_EnableGlobalInt)
    i.USB_LP_CAN1_RX0_IRQHandler             0x08002c38   Section        0  stm32f1xx_it.o(i.USB_LP_CAN1_RX0_IRQHandler)
    i.USB_ReadInterrupts                     0x08002c44   Section        0  stm32f1xx_ll_usb.o(i.USB_ReadInterrupts)
    i.USB_ReadPMA                            0x08002c4c   Section        0  stm32f1xx_ll_usb.o(i.USB_ReadPMA)
    i.USB_SetCurrentMode                     0x08002c6a   Section        0  stm32f1xx_ll_usb.o(i.USB_SetCurrentMode)
    i.USB_SetDevAddress                      0x08002c6e   Section        0  stm32f1xx_ll_usb.o(i.USB_SetDevAddress)
    i.USB_WritePMA                           0x08002c7a   Section        0  stm32f1xx_ll_usb.o(i.USB_WritePMA)
    i.UsageFault_Handler                     0x08002ca0   Section        0  stm32f1xx_it.o(i.UsageFault_Handler)
    i._Error_Handler                         0x08002ca2   Section        0  main.o(i._Error_Handler)
    i.__scatterload_copy                     0x08002ca4   Section       14  handlers.o(i.__scatterload_copy)
    i.__scatterload_null                     0x08002cb2   Section        2  handlers.o(i.__scatterload_null)
    i.__scatterload_zeroinit                 0x08002cb4   Section       14  handlers.o(i.__scatterload_zeroinit)
    i.main                                   0x08002cc4   Section        0  main.o(i.main)
    i.queue_get                              0x08002d6c   Section        0  queue.o(i.queue_get)
    i.queue_getData                          0x08002d80   Section        0  queue.o(i.queue_getData)
    i.queue_getUnuseElement                  0x08002da8   Section        0  queue.o(i.queue_getUnuseElement)
    i.queue_isEmpty                          0x08002dd0   Section        0  queue.o(i.queue_isEmpty)
    i.queue_isFull                           0x08002de4   Section        0  queue.o(i.queue_isFull)
    i.queue_put                              0x08002df8   Section        0  queue.o(i.queue_put)
    .constdata                               0x08002e0c   Section       16  system_stm32f1xx.o(.constdata)
    .data                                    0x20000000   Section       12  stm32f1xx_hal.o(.data)
    .data                                    0x2000000c   Section        4  control.o(.data)
    s_Module                                 0x2000000c   Data           1  control.o(.data)
    s_Lenght                                 0x2000000e   Data           2  control.o(.data)
    .data                                    0x20000010   Section        1  usbd_ctlreq.o(.data)
    cfgidx                                   0x20000010   Data           1  usbd_ctlreq.o(.data)
    .data                                    0x20000014   Section      219  usbd_cdc.o(.data)
    ifalt                                    0x20000014   Data           1  usbd_cdc.o(.data)
    USBD_CDC_DeviceQualifierDesc             0x20000018   Data          10  usbd_cdc.o(.data)
    .data                                    0x200000f0   Section       56  usbd_cdc.o(.data)
    .data                                    0x20000128   Section       28  usbd_desc.o(.data)
    .data                                    0x20000144   Section       22  usbd_desc.o(.data)
    .data                                    0x2000015c   Section       16  usbd_cdc_if.o(.data)
    .data                                    0x2000016c   Section        4  usbd_cdc_if.o(.data)
    s_pUSBData                               0x2000016c   Data           4  usbd_cdc_if.o(.data)
    .data                                    0x20000170   Section        4  system_stm32f1xx.o(.data)
    .bss                                     0x20000178   Section       32  stm32f1xx_hal_flash.o(.bss)
    .bss                                     0x20000198   Section      143  queue.o(.bss)
    .bss                                     0x20000228   Section     1664  usbd_conf.o(.bss)
    mem                                      0x20000228   Data         544  usbd_conf.o(.bss)
    .bss                                     0x200008a8   Section      512  usbd_desc.o(.bss)
    .bss                                     0x20000aa8   Section      548  usb_device.o(.bss)
    .bss                                     0x20000ccc   Section     4096  usbd_cdc_if.o(.bss)
    STACK                                    0x20001cd0   Section     1024  startup_stm32f103xb.o(STACK)

    Global Symbols

    Symbol Name                              Value     Ov Type        Size  Object(Section)

    BuildAttributes$$THM_ISAv4$P$D$K$B$S$PE$A:L22UL41UL21$X:L11$S22US41US21$IEEE1$IW$USESV6$~STKCKD$USESV7$~SHL$OSPACE$EBA8$MICROLIB$REQ8$PRES8$EABIv2 0x00000000   Number         0  anon$$obj.o ABSOLUTE
    __ARM_use_no_argv                        0x00000000   Number         0  main.o ABSOLUTE
    __cpp_initialize__aeabi_                  - Undefined Weak Reference
    __cxa_finalize                            - Undefined Weak Reference
    _clock_init                               - Undefined Weak Reference
    _microlib_exit                            - Undefined Weak Reference
    __Vectors_Size                           0x000000ec   Number         0  startup_stm32f103xb.o ABSOLUTE
    __Vectors                                0x08000000   Data           4  startup_stm32f103xb.o(RESET)
    __Vectors_End                            0x080000ec   Data           0  startup_stm32f103xb.o(RESET)
    __main                                   0x080000ed   Thumb Code     0  entry.o(.ARM.Collect$$$$00000000)
    _main_stk                                0x080000ed   Thumb Code     0  entry2.o(.ARM.Collect$$$$00000001)
    _main_scatterload                        0x080000f1   Thumb Code     0  entry5.o(.ARM.Collect$$$$00000004)
    __main_after_scatterload                 0x080000f5   Thumb Code     0  entry5.o(.ARM.Collect$$$$00000004)
    _main_clock                              0x080000f5   Thumb Code     0  entry7b.o(.ARM.Collect$$$$00000008)
    _main_cpp_init                           0x080000f5   Thumb Code     0  entry8b.o(.ARM.Collect$$$$0000000A)
    _main_init                               0x080000f5   Thumb Code     0  entry9a.o(.ARM.Collect$$$$0000000B)
    __rt_final_cpp                           0x080000fd   Thumb Code     0  entry10a.o(.ARM.Collect$$$$0000000D)
    __rt_final_exit                          0x080000fd   Thumb Code     0  entry11a.o(.ARM.Collect$$$$0000000F)
    Reset_Handler                            0x08000101   Thumb Code     8  startup_stm32f103xb.o(.text)
    ADC1_2_IRQHandler                        0x0800011b   Thumb Code     0  startup_stm32f103xb.o(.text)
    CAN1_RX1_IRQHandler                      0x0800011b   Thumb Code     0  startup_stm32f103xb.o(.text)
    CAN1_SCE_IRQHandler                      0x0800011b   Thumb Code     0  startup_stm32f103xb.o(.text)
    DMA1_Channel1_IRQHandler                 0x0800011b   Thumb Code     0  startup_stm32f103xb.o(.text)
    DMA1_Channel2_IRQHandler                 0x0800011b   Thumb Code     0  startup_stm32f103xb.o(.text)
    DMA1_Channel3_IRQHandler                 0x0800011b   Thumb Code     0  startup_stm32f103xb.o(.text)
    DMA1_Channel4_IRQHandler                 0x0800011b   Thumb Code     0  startup_stm32f103xb.o(.text)
    DMA1_Channel5_IRQHandler                 0x0800011b   Thumb Code     0  startup_stm32f103xb.o(.text)
    DMA1_Channel6_IRQHandler                 0x0800011b   Thumb Code     0  startup_stm32f103xb.o(.text)
    DMA1_Channel7_IRQHandler                 0x0800011b   Thumb Code     0  startup_stm32f103xb.o(.text)
    EXTI0_IRQHandler                         0x0800011b   Thumb Code     0  startup_stm32f103xb.o(.text)
    EXTI15_10_IRQHandler                     0x0800011b   Thumb Code     0  startup_stm32f103xb.o(.text)
    EXTI1_IRQHandler                         0x0800011b   Thumb Code     0  startup_stm32f103xb.o(.text)
    EXTI2_IRQHandler                         0x0800011b   Thumb Code     0  startup_stm32f103xb.o(.text)
    EXTI3_IRQHandler                         0x0800011b   Thumb Code     0  startup_stm32f103xb.o(.text)
    EXTI4_IRQHandler                         0x0800011b   Thumb Code     0  startup_stm32f103xb.o(.text)
    EXTI9_5_IRQHandler                       0x0800011b   Thumb Code     0  startup_stm32f103xb.o(.text)
    FLASH_IRQHandler                         0x0800011b   Thumb Code     0  startup_stm32f103xb.o(.text)
    I2C1_ER_IRQHandler                       0x0800011b   Thumb Code     0  startup_stm32f103xb.o(.text)
    I2C1_EV_IRQHandler                       0x0800011b   Thumb Code     0  startup_stm32f103xb.o(.text)
    I2C2_ER_IRQHandler                       0x0800011b   Thumb Code     0  startup_stm32f103xb.o(.text)
    I2C2_EV_IRQHandler                       0x0800011b   Thumb Code     0  startup_stm32f103xb.o(.text)
    PVD_IRQHandler                           0x0800011b   Thumb Code     0  startup_stm32f103xb.o(.text)
    RCC_IRQHandler                           0x0800011b   Thumb Code     0  startup_stm32f103xb.o(.text)
    RTC_Alarm_IRQHandler                     0x0800011b   Thumb Code     0  startup_stm32f103xb.o(.text)
    RTC_IRQHandler                           0x0800011b   Thumb Code     0  startup_stm32f103xb.o(.text)
    SPI1_IRQHandler                          0x0800011b   Thumb Code     0  startup_stm32f103xb.o(.text)
    SPI2_IRQHandler                          0x0800011b   Thumb Code     0  startup_stm32f103xb.o(.text)
    TAMPER_IRQHandler                        0x0800011b   Thumb Code     0  startup_stm32f103xb.o(.text)
    TIM1_BRK_IRQHandler                      0x0800011b   Thumb Code     0  startup_stm32f103xb.o(.text)
    TIM1_CC_IRQHandler                       0x0800011b   Thumb Code     0  startup_stm32f103xb.o(.text)
    TIM1_TRG_COM_IRQHandler                  0x0800011b   Thumb Code     0  startup_stm32f103xb.o(.text)
    TIM1_UP_IRQHandler                       0x0800011b   Thumb Code     0  startup_stm32f103xb.o(.text)
    TIM2_IRQHandler                          0x0800011b   Thumb Code     0  startup_stm32f103xb.o(.text)
    TIM3_IRQHandler                          0x0800011b   Thumb Code     0  startup_stm32f103xb.o(.text)
    TIM4_IRQHandler                          0x0800011b   Thumb Code     0  startup_stm32f103xb.o(.text)
    USART1_IRQHandler                        0x0800011b   Thumb Code     0  startup_stm32f103xb.o(.text)
    USART2_IRQHandler                        0x0800011b   Thumb Code     0  startup_stm32f103xb.o(.text)
    USART3_IRQHandler                        0x0800011b   Thumb Code     0  startup_stm32f103xb.o(.text)
    USBWakeUp_IRQHandler                     0x0800011b   Thumb Code     0  startup_stm32f103xb.o(.text)
    USB_HP_CAN1_TX_IRQHandler                0x0800011b   Thumb Code     0  startup_stm32f103xb.o(.text)
    WWDG_IRQHandler                          0x0800011b   Thumb Code     0  startup_stm32f103xb.o(.text)
    __aeabi_llsr                             0x08000125   Thumb Code    32  llushr.o(.text)
    _ll_ushift_r                             0x08000125   Thumb Code     0  llushr.o(.text)
    __aeabi_memcpy                           0x08000145   Thumb Code    36  memcpya.o(.text)
    __aeabi_memcpy4                          0x08000145   Thumb Code     0  memcpya.o(.text)
    __aeabi_memcpy8                          0x08000145   Thumb Code     0  memcpya.o(.text)
    __scatterload                            0x08000169   Thumb Code    28  init.o(.text)
    __scatterload_rt2                        0x08000169   Thumb Code     0  init.o(.text)
    __decompress                             0x0800018d   Thumb Code     0  __dczerorl2.o(.text)
    __decompress1                            0x0800018d   Thumb Code    86  __dczerorl2.o(.text)
    BusFault_Handler                         0x080001e3   Thumb Code     2  stm32f1xx_it.o(i.BusFault_Handler)
    CD4094_Clock                             0x080001e5   Thumb Code    34  cd4094.o(i.CD4094_Clock)
    CD4094_InByte                            0x0800020d   Thumb Code   162  cd4094.o(i.CD4094_InByte)
    CD4094_Latch                             0x080002b5   Thumb Code    34  cd4094.o(i.CD4094_Latch)
    Ctrl_Check_Input                         0x08000345   Thumb Code    48  control.o(i.Ctrl_Check_Input)
    Ctrl_Read_Header                         0x0800037d   Thumb Code    16  control.o(i.Ctrl_Read_Header)
    Ctrl_Run_Effect                          0x08000391   Thumb Code   150  control.o(i.Ctrl_Run_Effect)
    Ctrl_Show                                0x0800043d   Thumb Code    62  control.o(i.Ctrl_Show)
    Ctrl_Write_Data                          0x08000481   Thumb Code   138  control.o(i.Ctrl_Write_Data)
    DebugMon_Handler                         0x08000525   Thumb Code     2  stm32f1xx_it.o(i.DebugMon_Handler)
    FLASH_Erase_Multi_Sector                 0x08000529   Thumb Code    30  flash.o(i.FLASH_Erase_Multi_Sector)
    FLASH_Erase_Sector                       0x08000549   Thumb Code    36  flash.o(i.FLASH_Erase_Sector)
    FLASH_WaitForLastOperation               0x080005e9   Thumb Code    80  stm32f1xx_hal_flash.o(i.FLASH_WaitForLastOperation)
    FLASH_Write_HalfWord                     0x0800063d   Thumb Code    36  flash.o(i.FLASH_Write_HalfWord)
    HAL_Delay                                0x08000661   Thumb Code    32  stm32f1xx_hal.o(i.HAL_Delay)
    HAL_FLASH_Lock                           0x08000685   Thumb Code    14  stm32f1xx_hal_flash.o(i.HAL_FLASH_Lock)
    HAL_FLASH_Program                        0x08000699   Thumb Code   120  stm32f1xx_hal_flash.o(i.HAL_FLASH_Program)
    HAL_FLASH_Unlock                         0x08000719   Thumb Code    28  stm32f1xx_hal_flash.o(i.HAL_FLASH_Unlock)
    HAL_GPIO_Init                            0x08000741   Thumb Code   408  stm32f1xx_hal_gpio.o(i.HAL_GPIO_Init)
    HAL_GPIO_ReadPin                         0x080008fd   Thumb Code    10  stm32f1xx_hal_gpio.o(i.HAL_GPIO_ReadPin)
    HAL_GPIO_TogglePin                       0x08000907   Thumb Code     8  stm32f1xx_hal_gpio.o(i.HAL_GPIO_TogglePin)
    HAL_GPIO_WritePin                        0x0800090f   Thumb Code    10  stm32f1xx_hal_gpio.o(i.HAL_GPIO_WritePin)
    HAL_GetTick                              0x08000919   Thumb Code     6  stm32f1xx_hal.o(i.HAL_GetTick)
    HAL_IncTick                              0x08000925   Thumb Code    12  stm32f1xx_hal.o(i.HAL_IncTick)
    HAL_Init                                 0x08000935   Thumb Code    32  stm32f1xx_hal.o(i.HAL_Init)
    HAL_InitTick                             0x08000959   Thumb Code    54  stm32f1xx_hal.o(i.HAL_InitTick)
    HAL_MspInit                              0x08000999   Thumb Code   118  stm32f1xx_hal_msp.o(i.HAL_MspInit)
    HAL_NVIC_EnableIRQ                       0x08000a19   Thumb Code    22  stm32f1xx_hal_cortex.o(i.HAL_NVIC_EnableIRQ)
    HAL_NVIC_SetPriority                     0x08000a31   Thumb Code    60  stm32f1xx_hal_cortex.o(i.HAL_NVIC_SetPriority)
    HAL_NVIC_SetPriorityGrouping             0x08000a71   Thumb Code    26  stm32f1xx_hal_cortex.o(i.HAL_NVIC_SetPriorityGrouping)
    HAL_PCDEx_PMAConfig                      0x08000a95   Thumb Code    52  stm32f1xx_hal_pcd_ex.o(i.HAL_PCDEx_PMAConfig)
    HAL_PCDEx_SetConnectionState             0x08000ac9   Thumb Code     2  usbd_conf.o(i.HAL_PCDEx_SetConnectionState)
    HAL_PCD_DataInStageCallback              0x08000acb   Thumb Code    14  usbd_conf.o(i.HAL_PCD_DataInStageCallback)
    HAL_PCD_DataOutStageCallback             0x08000ad9   Thumb Code    16  usbd_conf.o(i.HAL_PCD_DataOutStageCallback)
    HAL_PCD_EP_Close                         0x08000ae9   Thumb Code    64  stm32f1xx_hal_pcd.o(i.HAL_PCD_EP_Close)
    HAL_PCD_EP_ClrStall                      0x08000b29   Thumb Code    72  stm32f1xx_hal_pcd.o(i.HAL_PCD_EP_ClrStall)
    HAL_PCD_EP_GetRxCount                    0x08000b71   Thumb Code    16  stm32f1xx_hal_pcd.o(i.HAL_PCD_EP_GetRxCount)
    HAL_PCD_EP_Open                          0x08000b81   Thumb Code    68  stm32f1xx_hal_pcd.o(i.HAL_PCD_EP_Open)
    HAL_PCD_EP_Receive                       0x08000bc5   Thumb Code    46  stm32f1xx_hal_pcd.o(i.HAL_PCD_EP_Receive)
    HAL_PCD_EP_SetStall                      0x08000bf3   Thumb Code    86  stm32f1xx_hal_pcd.o(i.HAL_PCD_EP_SetStall)
    HAL_PCD_EP_Transmit                      0x08000c49   Thumb Code    42  stm32f1xx_hal_pcd.o(i.HAL_PCD_EP_Transmit)
    HAL_PCD_IRQHandler                       0x08000c73   Thumb Code   268  stm32f1xx_hal_pcd.o(i.HAL_PCD_IRQHandler)
    HAL_PCD_Init                             0x08000d81   Thumb Code   192  stm32f1xx_hal_pcd.o(i.HAL_PCD_Init)
    HAL_PCD_MspInit                          0x08000e41   Thumb Code    50  usbd_conf.o(i.HAL_PCD_MspInit)
    HAL_PCD_ResetCallback                    0x08000e7d   Thumb Code    26  usbd_conf.o(i.HAL_PCD_ResetCallback)
    HAL_PCD_ResumeCallback                   0x08000e97   Thumb Code     8  usbd_conf.o(i.HAL_PCD_ResumeCallback)
    HAL_PCD_SOFCallback                      0x08000e9f   Thumb Code     8  usbd_conf.o(i.HAL_PCD_SOFCallback)
    HAL_PCD_SetAddress                       0x08000ea7   Thumb Code    40  stm32f1xx_hal_pcd.o(i.HAL_PCD_SetAddress)
    HAL_PCD_SetupStageCallback               0x08000ecf   Thumb Code    14  usbd_conf.o(i.HAL_PCD_SetupStageCallback)
    HAL_PCD_Start                            0x08000edd   Thumb Code    50  stm32f1xx_hal_pcd.o(i.HAL_PCD_Start)
    HAL_PCD_SuspendCallback                  0x08000f11   Thumb Code    30  usbd_conf.o(i.HAL_PCD_SuspendCallback)
    HAL_RCCEx_PeriphCLKConfig                0x08000f35   Thumb Code   224  stm32f1xx_hal_rcc_ex.o(i.HAL_RCCEx_PeriphCLKConfig)
    HAL_RCC_ClockConfig                      0x08001021   Thumb Code   322  stm32f1xx_hal_rcc.o(i.HAL_RCC_ClockConfig)
    HAL_RCC_GetHCLKFreq                      0x08001175   Thumb Code     6  stm32f1xx_hal_rcc.o(i.HAL_RCC_GetHCLKFreq)
    HAL_RCC_GetSysClockFreq                  0x08001181   Thumb Code    74  stm32f1xx_hal_rcc.o(i.HAL_RCC_GetSysClockFreq)
    HAL_RCC_OscConfig                        0x080011ed   Thumb Code   750  stm32f1xx_hal_rcc.o(i.HAL_RCC_OscConfig)
    HAL_SYSTICK_CLKSourceConfig              0x080014f1   Thumb Code    24  stm32f1xx_hal_cortex.o(i.HAL_SYSTICK_CLKSourceConfig)
    HAL_SYSTICK_Callback                     0x08001509   Thumb Code     2  stm32f1xx_hal_cortex.o(i.HAL_SYSTICK_Callback)
    HAL_SYSTICK_Config                       0x0800150b   Thumb Code    40  stm32f1xx_hal_cortex.o(i.HAL_SYSTICK_Config)
    HAL_SYSTICK_IRQHandler                   0x08001533   Thumb Code     8  stm32f1xx_hal_cortex.o(i.HAL_SYSTICK_IRQHandler)
    HardFault_Handler                        0x0800153b   Thumb Code     2  stm32f1xx_it.o(i.HardFault_Handler)
    MX_USB_DEVICE_Init                       0x080015f9   Thumb Code    38  usb_device.o(i.MX_USB_DEVICE_Init)
    MemManage_Handler                        0x08001631   Thumb Code     2  stm32f1xx_it.o(i.MemManage_Handler)
    NMI_Handler                              0x08001633   Thumb Code     2  stm32f1xx_it.o(i.NMI_Handler)
    PendSV_Handler                           0x080019b7   Thumb Code     2  stm32f1xx_it.o(i.PendSV_Handler)
    SVC_Handler                              0x080019b9   Thumb Code     2  stm32f1xx_it.o(i.SVC_Handler)
    Set_Address_Data_USB                     0x080019bd   Thumb Code     6  usbd_cdc_if.o(i.Set_Address_Data_USB)
    SysTick_Handler                          0x080019c9   Thumb Code    14  stm32f1xx_it.o(i.SysTick_Handler)
    SystemClock_Config                       0x080019d7   Thumb Code   120  main.o(i.SystemClock_Config)
    SystemInit                               0x08001a51   Thumb Code    56  system_stm32f1xx.o(i.SystemInit)
    USBD_CDC_GetDeviceQualifierDescriptor    0x08001b3d   Thumb Code     8  usbd_cdc.o(i.USBD_CDC_GetDeviceQualifierDescriptor)
    USBD_CDC_ReceivePacket                   0x08001bf5   Thumb Code    40  usbd_cdc.o(i.USBD_CDC_ReceivePacket)
    USBD_CDC_RegisterInterface               0x08001c1d   Thumb Code    16  usbd_cdc.o(i.USBD_CDC_RegisterInterface)
    USBD_CDC_SetRxBuffer                     0x08001c2d   Thumb Code    12  usbd_cdc.o(i.USBD_CDC_SetRxBuffer)
    USBD_CDC_SetTxBuffer                     0x08001c39   Thumb Code    16  usbd_cdc.o(i.USBD_CDC_SetTxBuffer)
    USBD_ClrClassConfig                      0x08001cb9   Thumb Code    14  usbd_core.o(i.USBD_ClrClassConfig)
    USBD_CtlContinueRx                       0x08001cc7   Thumb Code    16  usbd_ioreq.o(i.USBD_CtlContinueRx)
    USBD_CtlContinueSendData                 0x08001cd7   Thumb Code    16  usbd_ioreq.o(i.USBD_CtlContinueSendData)
    USBD_CtlError                            0x08001ce7   Thumb Code    22  usbd_ctlreq.o(i.USBD_CtlError)
    USBD_CtlPrepareRx                        0x08001cfd   Thumb Code    30  usbd_ioreq.o(i.USBD_CtlPrepareRx)
    USBD_CtlReceiveStatus                    0x08001d1b   Thumb Code    22  usbd_ioreq.o(i.USBD_CtlReceiveStatus)
    USBD_CtlSendData                         0x08001d31   Thumb Code    26  usbd_ioreq.o(i.USBD_CtlSendData)
    USBD_CtlSendStatus                       0x08001d4b   Thumb Code    22  usbd_ioreq.o(i.USBD_CtlSendStatus)
    USBD_FS_ConfigStrDescriptor              0x08001d61   Thumb Code    16  usbd_desc.o(i.USBD_FS_ConfigStrDescriptor)
    USBD_FS_DeviceDescriptor                 0x08001d81   Thumb Code     8  usbd_desc.o(i.USBD_FS_DeviceDescriptor)
    USBD_FS_InterfaceStrDescriptor           0x08001d8d   Thumb Code    16  usbd_desc.o(i.USBD_FS_InterfaceStrDescriptor)
    USBD_FS_LangIDStrDescriptor              0x08001db1   Thumb Code     8  usbd_desc.o(i.USBD_FS_LangIDStrDescriptor)
    USBD_FS_ManufacturerStrDescriptor        0x08001dbd   Thumb Code    16  usbd_desc.o(i.USBD_FS_ManufacturerStrDescriptor)
    USBD_FS_ProductStrDescriptor             0x08001de5   Thumb Code    16  usbd_desc.o(i.USBD_FS_ProductStrDescriptor)
    USBD_FS_SerialStrDescriptor              0x08001e11   Thumb Code    16  usbd_desc.o(i.USBD_FS_SerialStrDescriptor)
    USBD_GetString                           0x08001f15   Thumb Code    70  usbd_ctlreq.o(i.USBD_GetString)
    USBD_Init                                0x08001f5b   Thumb Code    42  usbd_core.o(i.USBD_Init)
    USBD_LL_ClearStallEP                     0x08001f85   Thumb Code    32  usbd_conf.o(i.USBD_LL_ClearStallEP)
    USBD_LL_CloseEP                          0x08001fa5   Thumb Code    32  usbd_conf.o(i.USBD_LL_CloseEP)
    USBD_LL_DataInStage                      0x08001fc5   Thumb Code   170  usbd_core.o(i.USBD_LL_DataInStage)
    USBD_LL_DataOutStage                     0x0800206f   Thumb Code   106  usbd_core.o(i.USBD_LL_DataOutStage)
    USBD_LL_GetRxDataSize                    0x080020d9   Thumb Code     8  usbd_conf.o(i.USBD_LL_GetRxDataSize)
    USBD_LL_Init                             0x080020e1   Thumb Code   130  usbd_conf.o(i.USBD_LL_Init)
    USBD_LL_IsStallEP                        0x08002181   Thumb Code    28  usbd_conf.o(i.USBD_LL_IsStallEP)
    USBD_LL_OpenEP                           0x0800219d   Thumb Code    38  usbd_conf.o(i.USBD_LL_OpenEP)
    USBD_LL_PrepareReceive                   0x080021c3   Thumb Code    32  usbd_conf.o(i.USBD_LL_PrepareReceive)
    USBD_LL_Reset                            0x080021e3   Thumb Code    62  usbd_core.o(i.USBD_LL_Reset)
    USBD_LL_Resume                           0x08002221   Thumb Code    12  usbd_core.o(i.USBD_LL_Resume)
    USBD_LL_SOF                              0x0800222d   Thumb Code    24  usbd_core.o(i.USBD_LL_SOF)
    USBD_LL_SetSpeed                         0x08002245   Thumb Code     6  usbd_core.o(i.USBD_LL_SetSpeed)
    USBD_LL_SetUSBAddress                    0x0800224b   Thumb Code    32  usbd_conf.o(i.USBD_LL_SetUSBAddress)
    USBD_LL_SetupStage                       0x0800226b   Thumb Code    90  usbd_core.o(i.USBD_LL_SetupStage)
    USBD_LL_StallEP                          0x080022c5   Thumb Code    32  usbd_conf.o(i.USBD_LL_StallEP)
    USBD_LL_Start                            0x080022e5   Thumb Code    32  usbd_conf.o(i.USBD_LL_Start)
    USBD_LL_Suspend                          0x08002305   Thumb Code    18  usbd_core.o(i.USBD_LL_Suspend)
    USBD_LL_Transmit                         0x08002317   Thumb Code    32  usbd_conf.o(i.USBD_LL_Transmit)
    USBD_ParseSetupRequest                   0x08002337   Thumb Code    40  usbd_ctlreq.o(i.USBD_ParseSetupRequest)
    USBD_RegisterClass                       0x0800235f   Thumb Code    16  usbd_core.o(i.USBD_RegisterClass)
    USBD_SetClassConfig                      0x0800236f   Thumb Code    22  usbd_core.o(i.USBD_SetClassConfig)
    USBD_Start                               0x080023f9   Thumb Code    10  usbd_core.o(i.USBD_Start)
    USBD_StdDevReq                           0x08002403   Thumb Code   242  usbd_ctlreq.o(i.USBD_StdDevReq)
    USBD_StdEPReq                            0x080024f5   Thumb Code   220  usbd_ctlreq.o(i.USBD_StdEPReq)
    USBD_StdItfReq                           0x080025d1   Thumb Code    52  usbd_ctlreq.o(i.USBD_StdItfReq)
    USBD_static_free                         0x08002605   Thumb Code     2  usbd_conf.o(i.USBD_static_free)
    USBD_static_malloc                       0x08002609   Thumb Code     4  usbd_conf.o(i.USBD_static_malloc)
    USB_ActivateEndpoint                     0x08002611   Thumb Code   604  stm32f1xx_ll_usb.o(i.USB_ActivateEndpoint)
    USB_CoreInit                             0x0800286d   Thumb Code     4  stm32f1xx_ll_usb.o(i.USB_CoreInit)
    USB_DeactivateEndpoint                   0x08002871   Thumb Code   292  stm32f1xx_ll_usb.o(i.USB_DeactivateEndpoint)
    USB_DevConnect                           0x08002995   Thumb Code     4  stm32f1xx_ll_usb.o(i.USB_DevConnect)
    USB_DevDisconnect                        0x08002999   Thumb Code     4  stm32f1xx_ll_usb.o(i.USB_DevDisconnect)
    USB_DevInit                              0x0800299d   Thumb Code    30  stm32f1xx_ll_usb.o(i.USB_DevInit)
    USB_DisableGlobalInt                     0x080029bb   Thumb Code    14  stm32f1xx_ll_usb.o(i.USB_DisableGlobalInt)
    USB_EP0_OutStart                         0x080029c9   Thumb Code     4  stm32f1xx_ll_usb.o(i.USB_EP0_OutStart)
    USB_EPClearStall                         0x080029cd   Thumb Code   106  stm32f1xx_ll_usb.o(i.USB_EPClearStall)
    USB_EPSetStall                           0x08002a37   Thumb Code    74  stm32f1xx_ll_usb.o(i.USB_EPSetStall)
    USB_EPStartXfer                          0x08002a81   Thumb Code   426  stm32f1xx_ll_usb.o(i.USB_EPStartXfer)
    USB_EnableGlobalInt                      0x08002c2b   Thumb Code    14  stm32f1xx_ll_usb.o(i.USB_EnableGlobalInt)
    USB_LP_CAN1_RX0_IRQHandler               0x08002c39   Thumb Code     6  stm32f1xx_it.o(i.USB_LP_CAN1_RX0_IRQHandler)
    USB_ReadInterrupts                       0x08002c45   Thumb Code     6  stm32f1xx_ll_usb.o(i.USB_ReadInterrupts)
    USB_ReadPMA                              0x08002c4d   Thumb Code    30  stm32f1xx_ll_usb.o(i.USB_ReadPMA)
    USB_SetCurrentMode                       0x08002c6b   Thumb Code     4  stm32f1xx_ll_usb.o(i.USB_SetCurrentMode)
    USB_SetDevAddress                        0x08002c6f   Thumb Code    12  stm32f1xx_ll_usb.o(i.USB_SetDevAddress)
    USB_WritePMA                             0x08002c7b   Thumb Code    38  stm32f1xx_ll_usb.o(i.USB_WritePMA)
    UsageFault_Handler                       0x08002ca1   Thumb Code     2  stm32f1xx_it.o(i.UsageFault_Handler)
    _Error_Handler                           0x08002ca3   Thumb Code     2  main.o(i._Error_Handler)
    __scatterload_copy                       0x08002ca5   Thumb Code    14  handlers.o(i.__scatterload_copy)
    __scatterload_null                       0x08002cb3   Thumb Code     2  handlers.o(i.__scatterload_null)
    __scatterload_zeroinit                   0x08002cb5   Thumb Code    14  handlers.o(i.__scatterload_zeroinit)
    main                                     0x08002cc5   Thumb Code   158  main.o(i.main)
    queue_get                                0x08002d6d   Thumb Code    16  queue.o(i.queue_get)
    queue_getData                            0x08002d81   Thumb Code    36  queue.o(i.queue_getData)
    queue_getUnuseElement                    0x08002da9   Thumb Code    36  queue.o(i.queue_getUnuseElement)
    queue_isEmpty                            0x08002dd1   Thumb Code    14  queue.o(i.queue_isEmpty)
    queue_isFull                             0x08002de5   Thumb Code    14  queue.o(i.queue_isFull)
    queue_put                                0x08002df9   Thumb Code    16  queue.o(i.queue_put)
    AHBPrescTable                            0x08002e0c   Data          16  system_stm32f1xx.o(.constdata)
    Region$$Table$$Base                      0x08002e1c   Number         0  anon$$obj.o(Region$$Table)
    Region$$Table$$Limit                     0x08002e3c   Number         0  anon$$obj.o(Region$$Table)
    uwTickFreq                               0x20000000   Data           1  stm32f1xx_hal.o(.data)
    uwTickPrio                               0x20000004   Data           4  stm32f1xx_hal.o(.data)
    uwTick                                   0x20000008   Data           4  stm32f1xx_hal.o(.data)
    USBD_CDC_CfgHSDesc                       0x20000024   Data          67  usbd_cdc.o(.data)
    USBD_CDC_CfgFSDesc                       0x20000068   Data          67  usbd_cdc.o(.data)
    USBD_CDC_OtherSpeedCfgDesc               0x200000ac   Data          67  usbd_cdc.o(.data)
    USBD_CDC                                 0x200000f0   Data          56  usbd_cdc.o(.data)
    FS_Desc                                  0x20000128   Data          28  usbd_desc.o(.data)
    USBD_LangIDDesc                          0x20000144   Data           4  usbd_desc.o(.data)
    USBD_FS_DeviceDesc                       0x20000148   Data          18  usbd_desc.o(.data)
    USBD_Interface_fops_FS                   0x2000015c   Data          16  usbd_cdc_if.o(.data)
    SystemCoreClock                          0x20000170   Data           4  system_stm32f1xx.o(.data)
    pFlash                                   0x20000178   Data          32  stm32f1xx_hal_flash.o(.bss)
    s_queueList                              0x20000198   Data         143  queue.o(.bss)
    hpcd_USB_FS                              0x20000448   Data        1120  usbd_conf.o(.bss)
    USBD_StrDesc                             0x200008a8   Data         512  usbd_desc.o(.bss)
    hUsbDeviceFS                             0x20000aa8   Data         548  usb_device.o(.bss)
    UserRxBufferFS                           0x20000ccc   Data        2048  usbd_cdc_if.o(.bss)
    UserTxBufferFS                           0x200014cc   Data        2048  usbd_cdc_if.o(.bss)
    __initial_sp                             0x200020d0   Data           0  startup_stm32f103xb.o(STACK)



==============================================================================

Memory Map of the image

  Image Entry point : 0x080000ed

  Load Region LR_IROM1 (Base: 0x08000000, Size: 0x00002fb0, Max: 0x00010000, ABSOLUTE, COMPRESSED[0x00002f00])

    Execution Region ER_IROM1 (Exec base: 0x08000000, Load base: 0x08000000, Size: 0x00002e3c, Max: 0x00010000, ABSOLUTE)

    Exec Addr    Load Addr    Size         Type   Attr      Idx    E Section Name        Object

    0x08000000   0x08000000   0x000000ec   Data   RO         2209    RESET               startup_stm32f103xb.o
    0x080000ec   0x080000ec   0x00000000   Code   RO         2783  * .ARM.Collect$$$$00000000  mc_w.l(entry.o)
    0x080000ec   0x080000ec   0x00000004   Code   RO         2792    .ARM.Collect$$$$00000001  mc_w.l(entry2.o)
    0x080000f0   0x080000f0   0x00000004   Code   RO         2795    .ARM.Collect$$$$00000004  mc_w.l(entry5.o)
    0x080000f4   0x080000f4   0x00000000   Code   RO         2797    .ARM.Collect$$$$00000008  mc_w.l(entry7b.o)
    0x080000f4   0x080000f4   0x00000000   Code   RO         2799    .ARM.Collect$$$$0000000A  mc_w.l(entry8b.o)
    0x080000f4   0x080000f4   0x00000008   Code   RO         2800    .ARM.Collect$$$$0000000B  mc_w.l(entry9a.o)
    0x080000fc   0x080000fc   0x00000000   Code   RO         2802    .ARM.Collect$$$$0000000D  mc_w.l(entry10a.o)
    0x080000fc   0x080000fc   0x00000000   Code   RO         2804    .ARM.Collect$$$$0000000F  mc_w.l(entry11a.o)
    0x080000fc   0x080000fc   0x00000004   Code   RO         2793    .ARM.Collect$$$$00002712  mc_w.l(entry2.o)
    0x08000100   0x08000100   0x00000024   Code   RO         2210    .text               startup_stm32f103xb.o
    0x08000124   0x08000124   0x00000020   Code   RO         2786    .text               mc_w.l(llushr.o)
    0x08000144   0x08000144   0x00000024   Code   RO         2788    .text               mc_w.l(memcpya.o)
    0x08000168   0x08000168   0x00000024   Code   RO         2806    .text               mc_w.l(init.o)
    0x0800018c   0x0800018c   0x00000056   Code   RO         2816    .text               mc_w.l(__dczerorl2.o)
    0x080001e2   0x080001e2   0x00000002   Code   RO         2666    i.BusFault_Handler  stm32f1xx_it.o
    0x080001e4   0x080001e4   0x00000028   Code   RO         1539    i.CD4094_Clock      cd4094.o
    0x0800020c   0x0800020c   0x000000a8   Code   RO         1541    i.CD4094_InByte     cd4094.o
    0x080002b4   0x080002b4   0x00000028   Code   RO         1542    i.CD4094_Latch      cd4094.o
    0x080002dc   0x080002dc   0x00000004   Code   RO         2530    i.CDC_Control_FS    usbd_cdc_if.o
    0x080002e0   0x080002e0   0x00000004   Code   RO         2531    i.CDC_DeInit_FS     usbd_cdc_if.o
    0x080002e4   0x080002e4   0x00000024   Code   RO         2532    i.CDC_Init_FS       usbd_cdc_if.o
    0x08000308   0x08000308   0x0000003c   Code   RO         2533    i.CDC_Receive_FS    usbd_cdc_if.o
    0x08000344   0x08000344   0x00000038   Code   RO         1584    i.Ctrl_Check_Input  control.o
    0x0800037c   0x0800037c   0x00000014   Code   RO         1585    i.Ctrl_Read_Header  control.o
    0x08000390   0x08000390   0x000000ac   Code   RO         1586    i.Ctrl_Run_Effect   control.o
    0x0800043c   0x0800043c   0x00000044   Code   RO         1587    i.Ctrl_Show         control.o
    0x08000480   0x08000480   0x000000a4   Code   RO         1588    i.Ctrl_Write_Data   control.o
    0x08000524   0x08000524   0x00000002   Code   RO         2667    i.DebugMon_Handler  stm32f1xx_it.o
    0x08000526   0x08000526   0x00000002   PAD
    0x08000528   0x08000528   0x0000001e   Code   RO         1488    i.FLASH_Erase_Multi_Sector  flash.o
    0x08000546   0x08000546   0x00000002   PAD
    0x08000548   0x08000548   0x00000028   Code   RO         1489    i.FLASH_Erase_Sector  flash.o
    0x08000570   0x08000570   0x0000001c   Code   RO          420    i.FLASH_Program_HalfWord  stm32f1xx_hal_flash.o
    0x0800058c   0x0800058c   0x0000005c   Code   RO          421    i.FLASH_SetErrorCode  stm32f1xx_hal_flash.o
    0x080005e8   0x080005e8   0x00000054   Code   RO          422    i.FLASH_WaitForLastOperation  stm32f1xx_hal_flash.o
    0x0800063c   0x0800063c   0x00000024   Code   RO         1492    i.FLASH_Write_HalfWord  flash.o
    0x08000660   0x08000660   0x00000024   Code   RO         1005    i.HAL_Delay         stm32f1xx_hal.o
    0x08000684   0x08000684   0x00000014   Code   RO          426    i.HAL_FLASH_Lock    stm32f1xx_hal_flash.o
    0x08000698   0x08000698   0x00000080   Code   RO          431    i.HAL_FLASH_Program  stm32f1xx_hal_flash.o
    0x08000718   0x08000718   0x00000028   Code   RO          433    i.HAL_FLASH_Unlock  stm32f1xx_hal_flash.o
    0x08000740   0x08000740   0x000001bc   Code   RO            7    i.HAL_GPIO_Init     stm32f1xx_hal_gpio.o
    0x080008fc   0x080008fc   0x0000000a   Code   RO            9    i.HAL_GPIO_ReadPin  stm32f1xx_hal_gpio.o
    0x08000906   0x08000906   0x00000008   Code   RO           10    i.HAL_GPIO_TogglePin  stm32f1xx_hal_gpio.o
    0x0800090e   0x0800090e   0x0000000a   Code   RO           11    i.HAL_GPIO_WritePin  stm32f1xx_hal_gpio.o
    0x08000918   0x08000918   0x0000000c   Code   RO         1009    i.HAL_GetTick       stm32f1xx_hal.o
    0x08000924   0x08000924   0x00000010   Code   RO         1013    i.HAL_IncTick       stm32f1xx_hal.o
    0x08000934   0x08000934   0x00000024   Code   RO         1014    i.HAL_Init          stm32f1xx_hal.o
    0x08000958   0x08000958   0x00000040   Code   RO         1015    i.HAL_InitTick      stm32f1xx_hal.o
    0x08000998   0x08000998   0x00000080   Code   RO         2589    i.HAL_MspInit       stm32f1xx_hal_msp.o
    0x08000a18   0x08000a18   0x00000016   Code   RO          525    i.HAL_NVIC_EnableIRQ  stm32f1xx_hal_cortex.o
    0x08000a2e   0x08000a2e   0x00000002   PAD
    0x08000a30   0x08000a30   0x00000040   Code   RO          531    i.HAL_NVIC_SetPriority  stm32f1xx_hal_cortex.o
    0x08000a70   0x08000a70   0x00000024   Code   RO          532    i.HAL_NVIC_SetPriorityGrouping  stm32f1xx_hal_cortex.o
    0x08000a94   0x08000a94   0x00000034   Code   RO          390    i.HAL_PCDEx_PMAConfig  stm32f1xx_hal_pcd_ex.o
    0x08000ac8   0x08000ac8   0x00000002   Code   RO         2217    i.HAL_PCDEx_SetConnectionState  usbd_conf.o
    0x08000aca   0x08000aca   0x0000000e   Code   RO         2219    i.HAL_PCD_DataInStageCallback  usbd_conf.o
    0x08000ad8   0x08000ad8   0x00000010   Code   RO         2220    i.HAL_PCD_DataOutStageCallback  usbd_conf.o
    0x08000ae8   0x08000ae8   0x00000040   Code   RO          184    i.HAL_PCD_EP_Close  stm32f1xx_hal_pcd.o
    0x08000b28   0x08000b28   0x00000048   Code   RO          185    i.HAL_PCD_EP_ClrStall  stm32f1xx_hal_pcd.o
    0x08000b70   0x08000b70   0x00000010   Code   RO          187    i.HAL_PCD_EP_GetRxCount  stm32f1xx_hal_pcd.o
    0x08000b80   0x08000b80   0x00000044   Code   RO          188    i.HAL_PCD_EP_Open   stm32f1xx_hal_pcd.o
    0x08000bc4   0x08000bc4   0x0000002e   Code   RO          189    i.HAL_PCD_EP_Receive  stm32f1xx_hal_pcd.o
    0x08000bf2   0x08000bf2   0x00000056   Code   RO          190    i.HAL_PCD_EP_SetStall  stm32f1xx_hal_pcd.o
    0x08000c48   0x08000c48   0x0000002a   Code   RO          191    i.HAL_PCD_EP_Transmit  stm32f1xx_hal_pcd.o
    0x08000c72   0x08000c72   0x0000010c   Code   RO          193    i.HAL_PCD_IRQHandler  stm32f1xx_hal_pcd.o
    0x08000d7e   0x08000d7e   0x00000002   PAD
    0x08000d80   0x08000d80   0x000000c0   Code   RO          196    i.HAL_PCD_Init      stm32f1xx_hal_pcd.o
    0x08000e40   0x08000e40   0x0000003c   Code   RO         2225    i.HAL_PCD_MspInit   usbd_conf.o
    0x08000e7c   0x08000e7c   0x0000001a   Code   RO         2226    i.HAL_PCD_ResetCallback  usbd_conf.o
    0x08000e96   0x08000e96   0x00000008   Code   RO         2227    i.HAL_PCD_ResumeCallback  usbd_conf.o
    0x08000e9e   0x08000e9e   0x00000008   Code   RO         2228    i.HAL_PCD_SOFCallback  usbd_conf.o
    0x08000ea6   0x08000ea6   0x00000028   Code   RO          202    i.HAL_PCD_SetAddress  stm32f1xx_hal_pcd.o
    0x08000ece   0x08000ece   0x0000000e   Code   RO         2229    i.HAL_PCD_SetupStageCallback  usbd_conf.o
    0x08000edc   0x08000edc   0x00000032   Code   RO          204    i.HAL_PCD_Start     stm32f1xx_hal_pcd.o
    0x08000f0e   0x08000f0e   0x00000002   PAD
    0x08000f10   0x08000f10   0x00000024   Code   RO         2230    i.HAL_PCD_SuspendCallback  usbd_conf.o
    0x08000f34   0x08000f34   0x000000ec   Code   RO         1351    i.HAL_RCCEx_PeriphCLKConfig  stm32f1xx_hal_rcc_ex.o
    0x08001020   0x08001020   0x00000154   Code   RO          641    i.HAL_RCC_ClockConfig  stm32f1xx_hal_rcc.o
    0x08001174   0x08001174   0x0000000c   Code   RO          646    i.HAL_RCC_GetHCLKFreq  stm32f1xx_hal_rcc.o
    0x08001180   0x08001180   0x0000006c   Code   RO          650    i.HAL_RCC_GetSysClockFreq  stm32f1xx_hal_rcc.o
    0x080011ec   0x080011ec   0x00000304   Code   RO          653    i.HAL_RCC_OscConfig  stm32f1xx_hal_rcc.o
    0x080014f0   0x080014f0   0x00000018   Code   RO          534    i.HAL_SYSTICK_CLKSourceConfig  stm32f1xx_hal_cortex.o
    0x08001508   0x08001508   0x00000002   Code   RO          535    i.HAL_SYSTICK_Callback  stm32f1xx_hal_cortex.o
    0x0800150a   0x0800150a   0x00000028   Code   RO          536    i.HAL_SYSTICK_Config  stm32f1xx_hal_cortex.o
    0x08001532   0x08001532   0x00000008   Code   RO          537    i.HAL_SYSTICK_IRQHandler  stm32f1xx_hal_cortex.o
    0x0800153a   0x0800153a   0x00000002   Code   RO         2668    i.HardFault_Handler  stm32f1xx_it.o
    0x0800153c   0x0800153c   0x000000bc   Code   RO         2613    i.MX_GPIO_Init      main.o
    0x080015f8   0x080015f8   0x00000038   Code   RO         2496    i.MX_USB_DEVICE_Init  usb_device.o
    0x08001630   0x08001630   0x00000002   Code   RO         2669    i.MemManage_Handler  stm32f1xx_it.o
    0x08001632   0x08001632   0x00000002   Code   RO         2670    i.NMI_Handler       stm32f1xx_it.o
    0x08001634   0x08001634   0x00000020   Code   RO          538    i.NVIC_SetPriority  stm32f1xx_hal_cortex.o
    0x08001654   0x08001654   0x00000362   Code   RO          207    i.PCD_EP_ISR_Handler  stm32f1xx_hal_pcd.o
    0x080019b6   0x080019b6   0x00000002   Code   RO         2671    i.PendSV_Handler    stm32f1xx_it.o
    0x080019b8   0x080019b8   0x00000002   Code   RO         2672    i.SVC_Handler       stm32f1xx_it.o
    0x080019ba   0x080019ba   0x00000002   PAD
    0x080019bc   0x080019bc   0x0000000c   Code   RO         2535    i.Set_Address_Data_USB  usbd_cdc_if.o
    0x080019c8   0x080019c8   0x0000000e   Code   RO         2673    i.SysTick_Handler   stm32f1xx_it.o
    0x080019d6   0x080019d6   0x00000078   Code   RO         2614    i.SystemClock_Config  main.o
    0x08001a4e   0x08001a4e   0x00000002   PAD
    0x08001a50   0x08001a50   0x00000048   Code   RO         2749    i.SystemInit        system_stm32f1xx.o
    0x08001a98   0x08001a98   0x00000014   Code   RO         2040    i.USBD_CDC_DataIn   usbd_cdc.o
    0x08001aac   0x08001aac   0x0000002e   Code   RO         2041    i.USBD_CDC_DataOut  usbd_cdc.o
    0x08001ada   0x08001ada   0x0000003c   Code   RO         2042    i.USBD_CDC_DeInit   usbd_cdc.o
    0x08001b16   0x08001b16   0x00000024   Code   RO         2043    i.USBD_CDC_EP0_RxReady  usbd_cdc.o
    0x08001b3a   0x08001b3a   0x00000002   PAD
    0x08001b3c   0x08001b3c   0x0000000c   Code   RO         2044    i.USBD_CDC_GetDeviceQualifierDescriptor  usbd_cdc.o
    0x08001b48   0x08001b48   0x0000000c   Code   RO         2045    i.USBD_CDC_GetFSCfgDesc  usbd_cdc.o
    0x08001b54   0x08001b54   0x0000000c   Code   RO         2046    i.USBD_CDC_GetHSCfgDesc  usbd_cdc.o
    0x08001b60   0x08001b60   0x0000000c   Code   RO         2047    i.USBD_CDC_GetOtherSpeedCfgDesc  usbd_cdc.o
    0x08001b6c   0x08001b6c   0x00000088   Code   RO         2048    i.USBD_CDC_Init     usbd_cdc.o
    0x08001bf4   0x08001bf4   0x00000028   Code   RO         2049    i.USBD_CDC_ReceivePacket  usbd_cdc.o
    0x08001c1c   0x08001c1c   0x00000010   Code   RO         2050    i.USBD_CDC_RegisterInterface  usbd_cdc.o
    0x08001c2c   0x08001c2c   0x0000000c   Code   RO         2051    i.USBD_CDC_SetRxBuffer  usbd_cdc.o
    0x08001c38   0x08001c38   0x00000010   Code   RO         2052    i.USBD_CDC_SetTxBuffer  usbd_cdc.o
    0x08001c48   0x08001c48   0x00000070   Code   RO         2053    i.USBD_CDC_Setup    usbd_cdc.o
    0x08001cb8   0x08001cb8   0x0000000e   Code   RO         1902    i.USBD_ClrClassConfig  usbd_core.o
    0x08001cc6   0x08001cc6   0x00000010   Code   RO         2150    i.USBD_CtlContinueRx  usbd_ioreq.o
    0x08001cd6   0x08001cd6   0x00000010   Code   RO         2151    i.USBD_CtlContinueSendData  usbd_ioreq.o
    0x08001ce6   0x08001ce6   0x00000016   Code   RO         1816    i.USBD_CtlError     usbd_ctlreq.o
    0x08001cfc   0x08001cfc   0x0000001e   Code   RO         2152    i.USBD_CtlPrepareRx  usbd_ioreq.o
    0x08001d1a   0x08001d1a   0x00000016   Code   RO         2153    i.USBD_CtlReceiveStatus  usbd_ioreq.o
    0x08001d30   0x08001d30   0x0000001a   Code   RO         2154    i.USBD_CtlSendData  usbd_ioreq.o
    0x08001d4a   0x08001d4a   0x00000016   Code   RO         2155    i.USBD_CtlSendStatus  usbd_ioreq.o
    0x08001d60   0x08001d60   0x00000020   Code   RO         2428    i.USBD_FS_ConfigStrDescriptor  usbd_desc.o
    0x08001d80   0x08001d80   0x0000000c   Code   RO         2429    i.USBD_FS_DeviceDescriptor  usbd_desc.o
    0x08001d8c   0x08001d8c   0x00000024   Code   RO         2430    i.USBD_FS_InterfaceStrDescriptor  usbd_desc.o
    0x08001db0   0x08001db0   0x0000000c   Code   RO         2431    i.USBD_FS_LangIDStrDescriptor  usbd_desc.o
    0x08001dbc   0x08001dbc   0x00000028   Code   RO         2432    i.USBD_FS_ManufacturerStrDescriptor  usbd_desc.o
    0x08001de4   0x08001de4   0x0000002c   Code   RO         2433    i.USBD_FS_ProductStrDescriptor  usbd_desc.o
    0x08001e10   0x08001e10   0x00000024   Code   RO         2434    i.USBD_FS_SerialStrDescriptor  usbd_desc.o
    0x08001e34   0x08001e34   0x000000e0   Code   RO         1817    i.USBD_GetDescriptor  usbd_ctlreq.o
    0x08001f14   0x08001f14   0x00000046   Code   RO         1818    i.USBD_GetString    usbd_ctlreq.o
    0x08001f5a   0x08001f5a   0x0000002a   Code   RO         1904    i.USBD_Init         usbd_core.o
    0x08001f84   0x08001f84   0x00000020   Code   RO         2231    i.USBD_LL_ClearStallEP  usbd_conf.o
    0x08001fa4   0x08001fa4   0x00000020   Code   RO         2232    i.USBD_LL_CloseEP   usbd_conf.o
    0x08001fc4   0x08001fc4   0x000000aa   Code   RO         1905    i.USBD_LL_DataInStage  usbd_core.o
    0x0800206e   0x0800206e   0x0000006a   Code   RO         1906    i.USBD_LL_DataOutStage  usbd_core.o
    0x080020d8   0x080020d8   0x00000008   Code   RO         2236    i.USBD_LL_GetRxDataSize  usbd_conf.o
    0x080020e0   0x080020e0   0x000000a0   Code   RO         2237    i.USBD_LL_Init      usbd_conf.o
    0x08002180   0x08002180   0x0000001c   Code   RO         2238    i.USBD_LL_IsStallEP  usbd_conf.o
    0x0800219c   0x0800219c   0x00000026   Code   RO         2239    i.USBD_LL_OpenEP    usbd_conf.o
    0x080021c2   0x080021c2   0x00000020   Code   RO         2240    i.USBD_LL_PrepareReceive  usbd_conf.o
    0x080021e2   0x080021e2   0x0000003e   Code   RO         1911    i.USBD_LL_Reset     usbd_core.o
    0x08002220   0x08002220   0x0000000c   Code   RO         1912    i.USBD_LL_Resume    usbd_core.o
    0x0800222c   0x0800222c   0x00000018   Code   RO         1913    i.USBD_LL_SOF       usbd_core.o
    0x08002244   0x08002244   0x00000006   Code   RO         1914    i.USBD_LL_SetSpeed  usbd_core.o
    0x0800224a   0x0800224a   0x00000020   Code   RO         2241    i.USBD_LL_SetUSBAddress  usbd_conf.o
    0x0800226a   0x0800226a   0x0000005a   Code   RO         1915    i.USBD_LL_SetupStage  usbd_core.o
    0x080022c4   0x080022c4   0x00000020   Code   RO         2242    i.USBD_LL_StallEP   usbd_conf.o
    0x080022e4   0x080022e4   0x00000020   Code   RO         2243    i.USBD_LL_Start     usbd_conf.o
    0x08002304   0x08002304   0x00000012   Code   RO         1916    i.USBD_LL_Suspend   usbd_core.o
    0x08002316   0x08002316   0x00000020   Code   RO         2245    i.USBD_LL_Transmit  usbd_conf.o
    0x08002336   0x08002336   0x00000028   Code   RO         1819    i.USBD_ParseSetupRequest  usbd_ctlreq.o
    0x0800235e   0x0800235e   0x00000010   Code   RO         1917    i.USBD_RegisterClass  usbd_core.o
    0x0800236e   0x0800236e   0x00000016   Code   RO         1919    i.USBD_SetClassConfig  usbd_core.o
    0x08002384   0x08002384   0x00000074   Code   RO         1820    i.USBD_SetConfig    usbd_ctlreq.o
    0x080023f8   0x080023f8   0x0000000a   Code   RO         1920    i.USBD_Start        usbd_core.o
    0x08002402   0x08002402   0x000000f2   Code   RO         1821    i.USBD_StdDevReq    usbd_ctlreq.o
    0x080024f4   0x080024f4   0x000000dc   Code   RO         1822    i.USBD_StdEPReq     usbd_ctlreq.o
    0x080025d0   0x080025d0   0x00000034   Code   RO         1823    i.USBD_StdItfReq    usbd_ctlreq.o
    0x08002604   0x08002604   0x00000002   Code   RO         2246    i.USBD_static_free  usbd_conf.o
    0x08002606   0x08002606   0x00000002   PAD
    0x08002608   0x08002608   0x00000008   Code   RO         2247    i.USBD_static_malloc  usbd_conf.o
    0x08002610   0x08002610   0x0000025c   Code   RO         1157    i.USB_ActivateEndpoint  stm32f1xx_ll_usb.o
    0x0800286c   0x0800286c   0x00000004   Code   RO         1160    i.USB_CoreInit      stm32f1xx_ll_usb.o
    0x08002870   0x08002870   0x00000124   Code   RO         1162    i.USB_DeactivateEndpoint  stm32f1xx_ll_usb.o
    0x08002994   0x08002994   0x00000004   Code   RO         1163    i.USB_DevConnect    stm32f1xx_ll_usb.o
    0x08002998   0x08002998   0x00000004   Code   RO         1164    i.USB_DevDisconnect  stm32f1xx_ll_usb.o
    0x0800299c   0x0800299c   0x0000001e   Code   RO         1165    i.USB_DevInit       stm32f1xx_ll_usb.o
    0x080029ba   0x080029ba   0x0000000e   Code   RO         1166    i.USB_DisableGlobalInt  stm32f1xx_ll_usb.o
    0x080029c8   0x080029c8   0x00000004   Code   RO         1167    i.USB_EP0_OutStart  stm32f1xx_ll_usb.o
    0x080029cc   0x080029cc   0x0000006a   Code   RO         1168    i.USB_EPClearStall  stm32f1xx_ll_usb.o
    0x08002a36   0x08002a36   0x0000004a   Code   RO         1169    i.USB_EPSetStall    stm32f1xx_ll_usb.o
    0x08002a80   0x08002a80   0x000001aa   Code   RO         1170    i.USB_EPStartXfer   stm32f1xx_ll_usb.o
    0x08002c2a   0x08002c2a   0x0000000e   Code   RO         1171    i.USB_EnableGlobalInt  stm32f1xx_ll_usb.o
    0x08002c38   0x08002c38   0x0000000c   Code   RO         2674    i.USB_LP_CAN1_RX0_IRQHandler  stm32f1xx_it.o
    0x08002c44   0x08002c44   0x00000006   Code   RO         1178    i.USB_ReadInterrupts  stm32f1xx_ll_usb.o
    0x08002c4a   0x08002c4a   0x00000002   PAD
    0x08002c4c   0x08002c4c   0x0000001e   Code   RO         1179    i.USB_ReadPMA       stm32f1xx_ll_usb.o
    0x08002c6a   0x08002c6a   0x00000004   Code   RO         1181    i.USB_SetCurrentMode  stm32f1xx_ll_usb.o
    0x08002c6e   0x08002c6e   0x0000000c   Code   RO         1182    i.USB_SetDevAddress  stm32f1xx_ll_usb.o
    0x08002c7a   0x08002c7a   0x00000026   Code   RO         1184    i.USB_WritePMA      stm32f1xx_ll_usb.o
    0x08002ca0   0x08002ca0   0x00000002   Code   RO         2675    i.UsageFault_Handler  stm32f1xx_it.o
    0x08002ca2   0x08002ca2   0x00000002   Code   RO         2615    i._Error_Handler    main.o
    0x08002ca4   0x08002ca4   0x0000000e   Code   RO         2810    i.__scatterload_copy  mc_w.l(handlers.o)
    0x08002cb2   0x08002cb2   0x00000002   Code   RO         2811    i.__scatterload_null  mc_w.l(handlers.o)
    0x08002cb4   0x08002cb4   0x0000000e   Code   RO         2812    i.__scatterload_zeroinit  mc_w.l(handlers.o)
    0x08002cc2   0x08002cc2   0x00000002   PAD
    0x08002cc4   0x08002cc4   0x000000a8   Code   RO         2616    i.main              main.o
    0x08002d6c   0x08002d6c   0x00000014   Code   RO         1754    i.queue_get         queue.o
    0x08002d80   0x08002d80   0x00000028   Code   RO         1755    i.queue_getData     queue.o
    0x08002da8   0x08002da8   0x00000028   Code   RO         1756    i.queue_getUnuseElement  queue.o
    0x08002dd0   0x08002dd0   0x00000014   Code   RO         1758    i.queue_isEmpty     queue.o
    0x08002de4   0x08002de4   0x00000014   Code   RO         1759    i.queue_isFull      queue.o
    0x08002df8   0x08002df8   0x00000014   Code   RO         1760    i.queue_put         queue.o
    0x08002e0c   0x08002e0c   0x00000010   Data   RO         2750    .constdata          system_stm32f1xx.o
    0x08002e1c   0x08002e1c   0x00000020   Data   RO         2808    Region$$Table       anon$$obj.o


    Execution Region RW_IRAM1 (Exec base: 0x20000000, Load base: 0x08002e3c, Size: 0x000020d0, Max: 0x00005000, ABSOLUTE, COMPRESSED[0x000000c4])

    Exec Addr    Load Addr    Size         Type   Attr      Idx    E Section Name        Object

    0x20000000   COMPRESSED   0x0000000c   Data   RW         1021    .data               stm32f1xx_hal.o
    0x2000000c   COMPRESSED   0x00000004   Data   RW         1589    .data               control.o
    0x20000010   COMPRESSED   0x00000001   Data   RW         1824    .data               usbd_ctlreq.o
    0x20000011   COMPRESSED   0x00000003   PAD
    0x20000014   COMPRESSED   0x000000db   Data   RW         2055    .data               usbd_cdc.o
    0x200000ef   COMPRESSED   0x00000001   PAD
    0x200000f0   COMPRESSED   0x00000038   Data   RW         2056    .data               usbd_cdc.o
    0x20000128   COMPRESSED   0x0000001c   Data   RW         2436    .data               usbd_desc.o
    0x20000144   COMPRESSED   0x00000016   Data   RW         2437    .data               usbd_desc.o
    0x2000015a   COMPRESSED   0x00000002   PAD
    0x2000015c   COMPRESSED   0x00000010   Data   RW         2537    .data               usbd_cdc_if.o
    0x2000016c   COMPRESSED   0x00000004   Data   RW         2538    .data               usbd_cdc_if.o
    0x20000170   COMPRESSED   0x00000004   Data   RW         2752    .data               system_stm32f1xx.o
    0x20000174   COMPRESSED   0x00000004   PAD
    0x20000178        -       0x00000020   Zero   RW          434    .bss                stm32f1xx_hal_flash.o
    0x20000198        -       0x0000008f   Zero   RW         1761    .bss                queue.o
    0x20000227   COMPRESSED   0x00000001   PAD
    0x20000228        -       0x00000680   Zero   RW         2248    .bss                usbd_conf.o
    0x200008a8        -       0x00000200   Zero   RW         2435    .bss                usbd_desc.o
    0x20000aa8        -       0x00000224   Zero   RW         2497    .bss                usb_device.o
    0x20000ccc        -       0x00001000   Zero   RW         2536    .bss                usbd_cdc_if.o
    0x20001ccc   COMPRESSED   0x00000004   PAD
    0x20001cd0        -       0x00000400   Zero   RW         2207    STACK               startup_stm32f103xb.o


==============================================================================

Image component sizes


      Code (inc. data)   RO Data    RW Data    ZI Data      Debug   Object Name

       248         18          0          0          0       2126   cd4094.o
       480         66          0          4          0       3930   control.o
       106          4          0          0          0       2327   flash.o
       478         22          0          0          0       3265   main.o
       160         28          0          0        143       4131   queue.o
        36          8        236          0       1024        840   startup_stm32f103xb.o
       164         28          0         12          0       4337   stm32f1xx_hal.o
       228         14          0          0          0      28021   stm32f1xx_hal_cortex.o
       392         46          0          0         32       5290   stm32f1xx_hal_flash.o
       472         36          0          0          0     410688   stm32f1xx_hal_gpio.o
       128         10          0          0          0       1018   stm32f1xx_hal_msp.o
      1810          0          0          0          0      10937   stm32f1xx_hal_pcd.o
        52          0          0          0          0       1314   stm32f1xx_hal_pcd_ex.o
      1232         80          0          0          0       4870   stm32f1xx_hal_rcc.o
       236         12          0          0          0       1528   stm32f1xx_hal_rcc_ex.o
        42          6          0          0          0       4971   stm32f1xx_it.o
      1666          0          0          0          0      13899   stm32f1xx_ll_usb.o
        72         16         16          4          0       1367   system_stm32f1xx.o
        56         18          0          0        548        844   usb_device.o
       542         22          0        275          0      13116   usbd_cdc.o
       116         28          0         20       4096       3637   usbd_cdc_if.o
       652         50          0          0       1664      16572   usbd_conf.o
       592          0          0          0          0      10128   usbd_core.o
       986         30          0          1          0      12824   usbd_ctlreq.o
       212        116          0         50        512       5547   usbd_desc.o
       132          0          0          0          0       4816   usbd_ioreq.o

    ----------------------------------------------------------------------
     11310        658        284        372       8028     572343   Object Totals
         0          0         32          0          0          0   (incl. Generated)
        20          0          0          6          9          0   (incl. Padding)

    ----------------------------------------------------------------------

      Code (inc. data)   RO Data    RW Data    ZI Data      Debug   Library Member Name

        86          0          0          0          0          0   __dczerorl2.o
         0          0          0          0          0          0   entry.o
         0          0          0          0          0          0   entry10a.o
         0          0          0          0          0          0   entry11a.o
         8          4          0          0          0          0   entry2.o
         4          0          0          0          0          0   entry5.o
         0          0          0          0          0          0   entry7b.o
         0          0          0          0          0          0   entry8b.o
         8          4          0          0          0          0   entry9a.o
        30          0          0          0          0          0   handlers.o
        36          8          0          0          0         68   init.o
        32          0          0          0          0         68   llushr.o
        36          0          0          0          0         68   memcpya.o

    ----------------------------------------------------------------------
       242         16          0          0          0        204   Library Totals
         2          0          0          0          0          0   (incl. Padding)

    ----------------------------------------------------------------------

      Code (inc. data)   RO Data    RW Data    ZI Data      Debug   Library Name

       240         16          0          0          0        204   mc_w.l

    ----------------------------------------------------------------------
       242         16          0          0          0        204   Library Totals

    ----------------------------------------------------------------------

==============================================================================


      Code (inc. data)   RO Data    RW Data    ZI Data      Debug   

     11552        674        284        372       8028     564303   Grand Totals
     11552        674        284        196       8028     564303   ELF Image Totals (compressed)
     11552        674        284        196          0          0   ROM Totals

==============================================================================

    Total RO  Size (Code + RO Data)                11836 (  11.56kB)
    Total RW  Size (RW Data + ZI Data)              8400 (   8.20kB)
    Total ROM Size (Code + RO Data + RW Data)      12032 (  11.75kB)

==============================================================================

